Component: ARM Compiler 5.06 update 7 (build 960) Tool: armlink [4d3601]

==============================================================================

Section Cross References

    startup_stm32f103xb.o(STACK) refers (Special) to heapauxi.o(.text) for __use_two_region_memory
    startup_stm32f103xb.o(HEAP) refers (Special) to heapauxi.o(.text) for __use_two_region_memory
    startup_stm32f103xb.o(RESET) refers (Special) to heapauxi.o(.text) for __use_two_region_memory
    startup_stm32f103xb.o(RESET) refers to startup_stm32f103xb.o(STACK) for __initial_sp
    startup_stm32f103xb.o(RESET) refers to startup_stm32f103xb.o(.text) for Reset_Handler
    startup_stm32f103xb.o(RESET) refers to stm32f1xx_it.o(i.NMI_Handler) for NMI_Handler
    startup_stm32f103xb.o(RESET) refers to stm32f1xx_it.o(i.HardFault_Handler) for HardFault_Handler
    startup_stm32f103xb.o(RESET) refers to stm32f1xx_it.o(i.MemManage_Handler) for MemManage_Handler
    startup_stm32f103xb.o(RESET) refers to stm32f1xx_it.o(i.BusFault_Handler) for BusFault_Handler
    startup_stm32f103xb.o(RESET) refers to stm32f1xx_it.o(i.UsageFault_Handler) for UsageFault_Handler
    startup_stm32f103xb.o(RESET) refers to stm32f1xx_it.o(i.SVC_Handler) for SVC_Handler
    startup_stm32f103xb.o(RESET) refers to stm32f1xx_it.o(i.DebugMon_Handler) for DebugMon_Handler
    startup_stm32f103xb.o(RESET) refers to stm32f1xx_it.o(i.PendSV_Handler) for PendSV_Handler
    startup_stm32f103xb.o(RESET) refers to stm32f1xx_it.o(i.SysTick_Handler) for SysTick_Handler
    startup_stm32f103xb.o(RESET) refers to stm32f1xx_it.o(i.USART1_IRQHandler) for USART1_IRQHandler
    startup_stm32f103xb.o(.text) refers (Special) to heapauxi.o(.text) for __use_two_region_memory
    startup_stm32f103xb.o(.text) refers to system_stm32f1xx.o(i.SystemInit) for SystemInit
    startup_stm32f103xb.o(.text) refers to __main.o(!!!main) for __main
    startup_stm32f103xb.o(.text) refers to startup_stm32f103xb.o(HEAP) for Heap_Mem
    startup_stm32f103xb.o(.text) refers to startup_stm32f103xb.o(STACK) for Stack_Mem
    fonts.o(.data) refers to fonts.o(.constdata) for Font7x7
    ssd1306.o(i.ssd1306_Clear) refers to ssd1306.o(.bss) for SSD1306_Buffer
    ssd1306.o(i.ssd1306_DrawPixel) refers to ssd1306.o(.data) for SSD1306
    ssd1306.o(i.ssd1306_DrawPixel) refers to ssd1306.o(.bss) for SSD1306_Buffer
    ssd1306.o(i.ssd1306_Fill) refers to ssd1306.o(.bss) for SSD1306_Buffer
    ssd1306.o(i.ssd1306_Init) refers to stm32f1xx_hal.o(i.HAL_Delay) for HAL_Delay
    ssd1306.o(i.ssd1306_Init) refers to ssd1306.o(i.ssd1306_WriteCommand) for ssd1306_WriteCommand
    ssd1306.o(i.ssd1306_Init) refers to ssd1306.o(i.ssd1306_Fill) for ssd1306_Fill
    ssd1306.o(i.ssd1306_Init) refers to ssd1306.o(i.ssd1306_UpdateScreen) for ssd1306_UpdateScreen
    ssd1306.o(i.ssd1306_Init) refers to ssd1306.o(.data) for SSD1306
    ssd1306.o(i.ssd1306_InvertColors) refers to ssd1306.o(.data) for SSD1306
    ssd1306.o(i.ssd1306_SetCursor) refers to ssd1306.o(.data) for SSD1306
    ssd1306.o(i.ssd1306_UpdateScreen) refers to ssd1306.o(i.ssd1306_WriteCommand) for ssd1306_WriteCommand
    ssd1306.o(i.ssd1306_UpdateScreen) refers to stm32f1xx_hal_i2c.o(i.HAL_I2C_Mem_Write) for HAL_I2C_Mem_Write
    ssd1306.o(i.ssd1306_UpdateScreen) refers to ssd1306.o(.bss) for SSD1306_Buffer
    ssd1306.o(i.ssd1306_WriteChar) refers to ssd1306.o(i.ssd1306_DrawPixel) for ssd1306_DrawPixel
    ssd1306.o(i.ssd1306_WriteChar) refers to ssd1306.o(.data) for SSD1306
    ssd1306.o(i.ssd1306_WriteCommand) refers to stm32f1xx_hal_i2c.o(i.HAL_I2C_Mem_Write) for HAL_I2C_Mem_Write
    ssd1306.o(i.ssd1306_WriteString) refers to ssd1306.o(i.ssd1306_WriteChar) for ssd1306_WriteChar
    display.o(i.centralBoxText) refers to ssd1306.o(i.ssd1306_SetCursor) for ssd1306_SetCursor
    display.o(i.centralBoxText) refers to ssd1306.o(i.ssd1306_WriteString) for ssd1306_WriteString
    display.o(i.centralBoxText) refers to ssd1306.o(i.ssd1306_WriteChar) for ssd1306_WriteChar
    display.o(i.centralBoxText) refers to fonts.o(.data) for Font_11x18
    display.o(i.checkPhoto) refers to stm32f1xx_hal_gpio.o(i.HAL_GPIO_ReadPin) for HAL_GPIO_ReadPin
    display.o(i.checkPhoto) refers to ssd1306.o(i.ssd1306_SetCursor) for ssd1306_SetCursor
    display.o(i.checkPhoto) refers to display.o(i.draw) for draw
    display.o(i.clearCentralBox) refers to ssd1306.o(i.ssd1306_DrawPixel) for ssd1306_DrawPixel
    display.o(i.draw) refers to ssd1306.o(i.ssd1306_DrawPixel) for ssd1306_DrawPixel
    display.o(i.focusButtonIcon) refers to display.o(i.draw) for draw
    display.o(i.leftButtonName) refers to ssd1306.o(i.ssd1306_DrawPixel) for ssd1306_DrawPixel
    display.o(i.leftButtonName) refers to ssd1306.o(i.ssd1306_SetCursor) for ssd1306_SetCursor
    display.o(i.leftButtonName) refers to ssd1306.o(i.ssd1306_WriteString) for ssd1306_WriteString
    display.o(i.leftButtonName) refers to fonts.o(.data) for Font_7x7
[...]
    ..\Drivers\STM32F1xx_HAL_Driver\Src\stm32f1xx_hal_flash_ex.c 0x00000000   Number         0  stm32f1xx_hal_flash_ex.o ABSOLUTE
    ..\Drivers\STM32F1xx_HAL_Driver\Src\stm32f1xx_hal_gpio.c 0x00000000   Number         0  stm32f1xx_hal_gpio.o ABSOLUTE
    ..\Drivers\STM32F1xx_HAL_Driver\Src\stm32f1xx_hal_gpio_ex.c 0x00000000   Number         0  stm32f1xx_hal_gpio_ex.o ABSOLUTE
    ..\Drivers\STM32F1xx_HAL_Driver\Src\stm32f1xx_hal_i2c.c 0x00000000   Number         0  stm32f1xx_hal_i2c.o ABSOLUTE
    ..\Drivers\STM32F1xx_HAL_Driver\Src\stm32f1xx_hal_pwr.c 0x00000000   Number         0  stm32f1xx_hal_pwr.o ABSOLUTE
    ..\Drivers\STM32F1xx_HAL_Driver\Src\stm32f1xx_hal_rcc.c 0x00000000   Number         0  stm32f1xx_hal_rcc.o ABSOLUTE
    ..\Drivers\STM32F1xx_HAL_Driver\Src\stm32f1xx_hal_rcc_ex.c 0x00000000   Number         0  stm32f1xx_hal_rcc_ex.o ABSOLUTE
    ..\Drivers\STM32F1xx_HAL_Driver\Src\stm32f1xx_hal_spi.c 0x00000000   Number         0  stm32f1xx_hal_spi.o ABSOLUTE
    ..\Drivers\STM32F1xx_HAL_Driver\Src\stm32f1xx_hal_tim.c 0x00000000   Number         0  stm32f1xx_hal_tim.o ABSOLUTE
    ..\Drivers\STM32F1xx_HAL_Driver\Src\stm32f1xx_hal_tim_ex.c 0x00000000   Number         0  stm32f1xx_hal_tim_ex.o ABSOLUTE
    ..\Drivers\STM32F1xx_HAL_Driver\Src\stm32f1xx_hal_uart.c 0x00000000   Number         0  stm32f1xx_hal_uart.o ABSOLUTE
    ..\\Core\\Src\\display.c                 0x00000000   Number         0  display.o ABSOLUTE
    ..\\Core\\Src\\focusButton.c             0x00000000   Number         0  focusbutton.o ABSOLUTE
    ..\\Core\\Src\\function.c                0x00000000   Number         0  function.o ABSOLUTE
    ..\\Core\\Src\\leftButtonPress.c         0x00000000   Number         0  leftbuttonpress.o ABSOLUTE
    ..\\Core\\Src\\rightButtonPress.c        0x00000000   Number         0  rightbuttonpress.o ABSOLUTE
    ..\\Core\\Src\\ssd1306.c                 0x00000000   Number         0  ssd1306.o ABSOLUTE
    dc.s                                     0x00000000   Number         0  dc.o ABSOLUTE
    nrf24l01.c                               0x00000000   Number         0  nrf24l01.o ABSOLUTE
    nrf24l01.c                               0x00000000   Number         0  nrf24l01.o ABSOLUTE
    startup_stm32f103xb.s                    0x00000000   Number         0  startup_stm32f103xb.o ABSOLUTE
    RESET                                    0x08000000   Section      236  startup_stm32f103xb.o(RESET)
    !!!main                                  0x080000ec   Section        8  __main.o(!!!main)
    !!!scatter                               0x080000f4   Section       52  __scatter.o(!!!scatter)
    !!handler_copy                           0x08000128   Section       26  __scatter_copy.o(!!handler_copy)
    !!handler_zi                             0x08000144   Section       28  __scatter_zi.o(!!handler_zi)
    .ARM.Collect$$_printf_percent$$00000000  0x08000160   Section        0  _printf_percent.o(.ARM.Collect$$_printf_percent$$00000000)
    .ARM.Collect$$_printf_percent$$00000009  0x08000160   Section        6  _printf_d.o(.ARM.Collect$$_printf_percent$$00000009)
    .ARM.Collect$$_printf_percent$$00000014  0x08000166   Section        6  _printf_s.o(.ARM.Collect$$_printf_percent$$00000014)
    .ARM.Collect$$_printf_percent$$00000017  0x0800016c   Section        4  _printf_percent_end.o(.ARM.Collect$$_printf_percent$$00000017)
    .ARM.Collect$$libinit$$00000000          0x08000170   Section        2  libinit.o(.ARM.Collect$$libinit$$00000000)
    .ARM.Collect$$libinit$$00000002          0x08000172   Section        0  libinit2.o(.ARM.Collect$$libinit$$00000002)
    .ARM.Collect$$libinit$$00000004          0x08000172   Section        0  libinit2.o(.ARM.Collect$$libinit$$00000004)
    .ARM.Collect$$libinit$$0000000A          0x08000172   Section        0  libinit2.o(.ARM.Collect$$libinit$$0000000A)
    .ARM.Collect$$libinit$$0000000C          0x08000172   Section        0  libinit2.o(.ARM.Collect$$libinit$$0000000C)
    .ARM.Collect$$libinit$$0000000E          0x08000172   Section        0  libinit2.o(.ARM.Collect$$libinit$$0000000E)
    .ARM.Collect$$libinit$$00000011          0x08000172   Section        0  libinit2.o(.ARM.Collect$$libinit$$00000011)
    .ARM.Collect$$libinit$$00000013          0x08000172   Section        0  libinit2.o(.ARM.Collect$$libinit$$00000013)
    .ARM.Collect$$libinit$$00000015          0x08000172   Section        0  libinit2.o(.ARM.Collect$$libinit$$00000015)
    .ARM.Collect$$libinit$$00000017          0x08000172   Section        0  libinit2.o(.ARM.Collect$$libinit$$00000017)
    .ARM.Collect$$libinit$$00000019          0x08000172   Section        0  libinit2.o(.ARM.Collect$$libinit$$00000019)
    .ARM.Collect$$libinit$$0000001B          0x08000172   Section        0  libinit2.o(.ARM.Collect$$libinit$$0000001B)
    .ARM.Collect$$libinit$$0000001D          0x08000172   Section        0  libinit2.o(.ARM.Collect$$libinit$$0000001D)
    .ARM.Collect$$libinit$$0000001F          0x08000172   Section        0  libinit2.o(.ARM.Collect$$libinit$$0000001F)
    .ARM.Collect$$libinit$$00000021          0x08000172   Section        0  libinit2.o(.ARM.Collect$$libinit$$00000021)
    .ARM.Collect$$libinit$$00000023          0x08000172   Section        0  libinit2.o(.ARM.Collect$$libinit$$00000023)
    .ARM.Collect$$libinit$$00000025          0x08000172   Section        0  libinit2.o(.ARM.Collect$$libinit$$00000025)
    .ARM.Collect$$libinit$$0000002C          0x08000172   Section        0  libinit2.o(.ARM.Collect$$libinit$$0000002C)
    .ARM.Collect$$libinit$$0000002E          0x08000172   Section        0  libinit2.o(.ARM.Collect$$libinit$$0000002E)
    .ARM.Collect$$libinit$$00000030          0x08000172   Section        0  libinit2.o(.ARM.Collect$$libinit$$00000030)
    .ARM.Collect$$libinit$$00000032          0x08000172   Section        0  libinit2.o(.ARM.Collect$$libinit$$00000032)
    .ARM.Collect$$libinit$$00000033          0x08000172   Section        2  libinit2.o(.ARM.Collect$$libinit$$00000033)
    .ARM.Collect$$libshutdown$$00000000      0x08000174   Section        2  libshutdown.o(.ARM.Collect$$libshutdown$$00000000)
    .ARM.Collect$$libshutdown$$00000002      0x08000176   Section        0  libshutdown2.o(.ARM.Collect$$libshutdown$$00000002)
    .ARM.Collect$$libshutdown$$00000004      0x08000176   Section        0  libshutdown2.o(.ARM.Collect$$libshutdown$$00000004)
    .ARM.Collect$$libshutdown$$00000006      0x08000176   Section        0  libshutdown2.o(.ARM.Collect$$libshutdown$$00000006)
    .ARM.Collect$$libshutdown$$00000009      0x08000176   Section        0  libshutdown2.o(.ARM.Collect$$libshutdown$$00000009)
    .ARM.Collect$$libshutdown$$0000000C      0x08000176   Section        0  libshutdown2.o(.ARM.Collect$$libshutdown$$0000000C)
    .ARM.Collect$$libshutdown$$0000000E      0x08000176   Section        0  libshutdown2.o(.ARM.Collect$$libshutdown$$0000000E)
    .ARM.Collect$$libshutdown$$00000011      0x08000176   Section        0  libshutdown2.o(.ARM.Collect$$libshutdown$$00000011)
    .ARM.Collect$$libshutdown$$00000012      0x08000176   Section        2  libshutdown2.o(.ARM.Collect$$libshutdown$$00000012)
    .ARM.Collect$$rtentry$$00000000          0x08000178   Section        0  __rtentry.o(.ARM.Collect$$rtentry$$00000000)
    .ARM.Collect$$rtentry$$00000002          0x08000178   Section        0  __rtentry2.o(.ARM.Collect$$rtentry$$00000002)
    .ARM.Collect$$rtentry$$00000004          0x08000178   Section        6  __rtentry4.o(.ARM.Collect$$rtentry$$00000004)
    .ARM.Collect$$rtentry$$00000009          0x0800017e   Section        0  __rtentry2.o(.ARM.Collect$$rtentry$$00000009)
    .ARM.Collect$$rtentry$$0000000A          0x0800017e   Section        4  __rtentry2.o(.ARM.Collect$$rtentry$$0000000A)
    .ARM.Collect$$rtentry$$0000000C          0x08000182   Section        0  __rtentry2.o(.ARM.Collect$$rtentry$$0000000C)
    .ARM.Collect$$rtentry$$0000000D          0x08000182   Section        8  __rtentry2.o(.ARM.Collect$$rtentry$$0000000D)
    .ARM.Collect$$rtexit$$00000000           0x0800018a   Section        2  rtexit.o(.ARM.Collect$$rtexit$$00000000)
    .ARM.Collect$$rtexit$$00000002           0x0800018c   Section        0  rtexit2.o(.ARM.Collect$$rtexit$$00000002)
    .ARM.Collect$$rtexit$$00000003           0x0800018c   Section        4  rtexit2.o(.ARM.Collect$$rtexit$$00000003)
    .ARM.Collect$$rtexit$$00000004           0x08000190   Section        6  rtexit2.o(.ARM.Collect$$rtexit$$00000004)
    .text                                    0x08000198   Section       64  startup_stm32f103xb.o(.text)
    .text                                    0x080001d8   Section       38  llushr.o(.text)
    .text                                    0x08000200   Section        0  noretval__2sprintf.o(.text)
    .text                                    0x08000228   Section        0  noretval__2snprintf.o(.text)
    .text                                    0x0800025c   Section        0  __printf.o(.text)
    .text                                    0x080002c4   Section        0  _printf_str.o(.text)
    .text                                    0x08000318   Section        0  _printf_dec.o(.text)
    .text                                    0x08000390   Section        0  strcpy.o(.text)
    .text                                    0x080003d8   Section        0  strlen.o(.text)
    .text                                    0x08000416   Section       78  rt_memclr_w.o(.text)
    .text                                    0x08000464   Section        0  heapauxi.o(.text)
    .text                                    0x0800046a   Section        0  _printf_intcommon.o(.text)
    .text                                    0x0800051c   Section        0  _printf_char_common.o(.text)
    _printf_input_char                       0x0800051d   Thumb Code    10  _printf_char_common.o(.text)
    .text                                    0x0800054c   Section        0  _sputc.o(.text)
    .text                                    0x08000556   Section        0  _snputc.o(.text)
    .text                                    0x08000566   Section        0  _printf_char.o(.text)
    .text                                    0x08000592   Section       74  sys_stackheap_outer.o(.text)
    .text                                    0x080005dc   Section        0  exit.o(.text)
    .text                                    0x080005f0   Section        8  libspace.o(.text)
    .text                                    0x080005f8   Section        0  sys_exit.o(.text)
    .text                                    0x08000604   Section        2  use_no_semi.o(.text)
    .text                                    0x08000606   Section        0  indicate_semi.o(.text)
    i.BusFault_Handler                       0x08000606   Section        0  stm32f1xx_it.o(i.BusFault_Handler)
    i.DWT_Init                               0x0800060c   Section        0  nrf24l01.o(i.DWT_Init)
    i.DebugMon_Handler                       0x08000630   Section        0  stm32f1xx_it.o(i.DebugMon_Handler)
    i.Error_Handler                          0x08000632   Section        0  main.o(i.Error_Handler)
    i.HAL_DMA_Abort                          0x08000638   Section        0  stm32f1xx_hal_dma.o(i.HAL_DMA_Abort)
    i.HAL_DMA_Abort_IT                       0x08000690   Section        0  stm32f1xx_hal_dma.o(i.HAL_DMA_Abort_IT)
    i.HAL_Delay                              0x08000740   Section        0  stm32f1xx_hal.o(i.HAL_Delay)
    i.HAL_GPIO_Init                          0x08000768   Section        0  stm32f1xx_hal_gpio.o(i.HAL_GPIO_Init)
    i.HAL_GPIO_ReadPin                       0x08000a88   Section        0  stm32f1xx_hal_gpio.o(i.HAL_GPIO_ReadPin)
    i.HAL_GPIO_WritePin                      0x08000a98   Section        0  stm32f1xx_hal_gpio.o(i.HAL_GPIO_WritePin)
    i.HAL_GetTick                            0x08000aa4   Section        0  stm32f1xx_hal.o(i.HAL_GetTick)
    i.HAL_I2C_Init                           0x08000ab0   Section        0  stm32f1xx_hal_i2c.o(i.HAL_I2C_Init)
    i.HAL_I2C_Mem_Write                      0x08000c80   Section        0  stm32f1xx_hal_i2c.o(i.HAL_I2C_Mem_Write)
    i.HAL_I2C_MspInit                        0x08000de4   Section        0  stm32f1xx_hal_msp.o(i.HAL_I2C_MspInit)
    i.HAL_IncTick                            0x08000e58   Section        0  stm32f1xx_hal.o(i.HAL_IncTick)
    i.HAL_Init                               0x08000e70   Section        0  stm32f1xx_hal.o(i.HAL_Init)
    i.HAL_InitTick                           0x08000e98   Section        0  stm32f1xx_hal.o(i.HAL_InitTick)
    i.HAL_MspInit                            0x08000ee4   Section        0  stm32f1xx_hal_msp.o(i.HAL_MspInit)
    i.HAL_NVIC_EnableIRQ                     0x08000f38   Section        0  stm32f1xx_hal_cortex.o(i.HAL_NVIC_EnableIRQ)
    i.HAL_NVIC_SetPriority                   0x08000f58   Section        0  stm32f1xx_hal_cortex.o(i.HAL_NVIC_SetPriority)
    i.HAL_NVIC_SetPriorityGrouping           0x08000fd4   Section        0  stm32f1xx_hal_cortex.o(i.HAL_NVIC_SetPriorityGrouping)
    i.HAL_RCC_ClockConfig                    0x08000ffc   Section        0  stm32f1xx_hal_rcc.o(i.HAL_RCC_ClockConfig)
    i.HAL_RCC_GetHCLKFreq                    0x08001188   Section        0  stm32f1xx_hal_rcc.o(i.HAL_RCC_GetHCLKFreq)
    i.HAL_RCC_GetPCLK1Freq                   0x08001194   Section        0  stm32f1xx_hal_rcc.o(i.HAL_RCC_GetPCLK1Freq)
    i.HAL_RCC_GetPCLK2Freq                   0x080011b4   Section        0  stm32f1xx_hal_rcc.o(i.HAL_RCC_GetPCLK2Freq)
    i.HAL_RCC_GetSysClockFreq                0x080011d4   Section        0  stm32f1xx_hal_rcc.o(i.HAL_RCC_GetSysClockFreq)
    i.HAL_RCC_OscConfig                      0x08001268   Section        0  stm32f1xx_hal_rcc.o(i.HAL_RCC_OscConfig)
    i.HAL_SPI_Init                           0x080016cc   Section        0  stm32f1xx_hal_spi.o(i.HAL_SPI_Init)
    i.HAL_SPI_MspInit                        0x0800178c   Section        0  stm32f1xx_hal_msp.o(i.HAL_SPI_MspInit)
    i.HAL_SPI_Transmit                       0x08001810   Section        0  stm32f1xx_hal_spi.o(i.HAL_SPI_Transmit)
    i.HAL_SPI_TransmitReceive                0x080019be   Section        0  stm32f1xx_hal_spi.o(i.HAL_SPI_TransmitReceive)
    i.HAL_SYSTICK_Config                     0x08001be8   Section        0  stm32f1xx_hal_cortex.o(i.HAL_SYSTICK_Config)
    i.HAL_UARTEx_RxEventCallback             0x08001c1c   Section        0  stm32f1xx_hal_uart.o(i.HAL_UARTEx_RxEventCallback)
    i.HAL_UART_ErrorCallback                 0x08001c1e   Section        0  stm32f1xx_hal_uart.o(i.HAL_UART_ErrorCallback)
    i.HAL_UART_IRQHandler                    0x08001c20   Section        0  stm32f1xx_hal_uart.o(i.HAL_UART_IRQHandler)
    i.HAL_UART_Init                          0x08001e6c   Section        0  stm32f1xx_hal_uart.o(i.HAL_UART_Init)
    i.HAL_UART_MspInit                       0x08001ee0   Section        0  stm32f1xx_hal_msp.o(i.HAL_UART_MspInit)
    i.HAL_UART_RxCpltCallback                0x08001f78   Section        0  stm32f1xx_hal_uart.o(i.HAL_UART_RxCpltCallback)
    i.HAL_UART_Transmit                      0x08001f7a   Section        0  stm32f1xx_hal_uart.o(i.HAL_UART_Transmit)
    i.HAL_UART_TxCpltCallback                0x0800204c   Section        0  stm32f1xx_hal_uart.o(i.HAL_UART_TxCpltCallback)
    i.HardFault_Handler                      0x08002050   Section        0  stm32f1xx_it.o(i.HardFault_Handler)
    i.I2C_IsAcknowledgeFailed                0x08002078   Section        0  stm32f1xx_hal_i2c.o(i.I2C_IsAcknowledgeFailed)
    I2C_IsAcknowledgeFailed                  0x08002079   Thumb Code    62  stm32f1xx_hal_i2c.o(i.I2C_IsAcknowledgeFailed)
    i.I2C_RequestMemoryWrite                 0x080020b8   Section        0  stm32f1xx_hal_i2c.o(i.I2C_RequestMemoryWrite)
    I2C_RequestMemoryWrite                   0x080020b9   Thumb Code   220  stm32f1xx_hal_i2c.o(i.I2C_RequestMemoryWrite)
    i.I2C_WaitOnBTFFlagUntilTimeout          0x08002198   Section        0  stm32f1xx_hal_i2c.o(i.I2C_WaitOnBTFFlagUntilTimeout)
    I2C_WaitOnBTFFlagUntilTimeout            0x08002199   Thumb Code    92  stm32f1xx_hal_i2c.o(i.I2C_WaitOnBTFFlagUntilTimeout)
    i.I2C_WaitOnFlagUntilTimeout             0x080021f4   Section        0  stm32f1xx_hal_i2c.o(i.I2C_WaitOnFlagUntilTimeout)
    I2C_WaitOnFlagUntilTimeout               0x080021f5   Thumb Code   134  stm32f1xx_hal_i2c.o(i.I2C_WaitOnFlagUntilTimeout)
    i.I2C_WaitOnMasterAddressFlagUntilTimeout 0x0800227a   Section        0  stm32f1xx_hal_i2c.o(i.I2C_WaitOnMasterAddressFlagUntilTimeout)
    I2C_WaitOnMasterAddressFlagUntilTimeout  0x0800227b   Thumb Code   196  stm32f1xx_hal_i2c.o(i.I2C_WaitOnMasterAddressFlagUntilTimeout)
    i.I2C_WaitOnTXEFlagUntilTimeout          0x0800233e   Section        0  stm32f1xx_hal_i2c.o(i.I2C_WaitOnTXEFlagUntilTimeout)
    I2C_WaitOnTXEFlagUntilTimeout            0x0800233f   Thumb Code    92  stm32f1xx_hal_i2c.o(i.I2C_WaitOnTXEFlagUntilTimeout)
    i.MX_GPIO_Init                           0x0800239c   Section        0  main.o(i.MX_GPIO_Init)
    MX_GPIO_Init                             0x0800239d   Thumb Code   262  main.o(i.MX_GPIO_Init)
    i.MX_I2C1_Init                           0x080024b4   Section        0  main.o(i.MX_I2C1_Init)
    MX_I2C1_Init                             0x080024b5   Thumb Code    48  main.o(i.MX_I2C1_Init)
    i.MX_SPI1_Init                           0x080024f0   Section        0  main.o(i.MX_SPI1_Init)
    MX_SPI1_Init                             0x080024f1   Thumb Code    60  main.o(i.MX_SPI1_Init)
    i.MX_USART1_UART_Init                    0x08002534   Section        0  main.o(i.MX_USART1_UART_Init)
    MX_USART1_UART_Init                      0x08002535   Thumb Code    46  main.o(i.MX_USART1_UART_Init)
    i.MemManage_Handler                      0x0800256c   Section        0  stm32f1xx_it.o(i.MemManage_Handler)
    i.NMI_Handler                            0x08002570   Section        0  stm32f1xx_it.o(i.NMI_Handler)
    i.NRF_Init                               0x08002574   Section        0  nrf24l01.o(i.NRF_Init)
    i.PendSV_Handler                         0x08002640   Section        0  stm32f1xx_it.o(i.PendSV_Handler)
    i.RCC_Delay                              0x08002644   Section        0  stm32f1xx_hal_rcc.o(i.RCC_Delay)
    RCC_Delay                                0x08002645   Thumb Code    36  stm32f1xx_hal_rcc.o(i.RCC_Delay)
    i.SPI_EndRxTxTransaction                 0x0800266c   Section        0  stm32f1xx_hal_spi.o(i.SPI_EndRxTxTransaction)
    SPI_EndRxTxTransaction                   0x0800266d   Thumb Code    40  stm32f1xx_hal_spi.o(i.SPI_EndRxTxTransaction)
    i.SPI_WaitFlagStateUntilTimeout          0x08002694   Section        0  stm32f1xx_hal_spi.o(i.SPI_WaitFlagStateUntilTimeout)
    SPI_WaitFlagStateUntilTimeout            0x08002695   Thumb Code   210  stm32f1xx_hal_spi.o(i.SPI_WaitFlagStateUntilTimeout)
    i.SVC_Handler                            0x0800276c   Section        0  stm32f1xx_it.o(i.SVC_Handler)
    i.SysTick_Handler                        0x0800276e   Section        0  stm32f1xx_it.o(i.SysTick_Handler)
    i.SystemClock_Config                     0x08002776   Section        0  main.o(i.SystemClock_Config)
    i.SystemInit                             0x080027dc   Section        0  system_stm32f1xx.o(i.SystemInit)
    i.UART_DMAAbortOnError                   0x080027de   Section        0  stm32f1xx_hal_uart.o(i.UART_DMAAbortOnError)
    UART_DMAAbortOnError                     0x080027df   Thumb Code    20  stm32f1xx_hal_uart.o(i.UART_DMAAbortOnError)
    i.UART_EndRxTransfer                     0x080027f2   Section        0  stm32f1xx_hal_uart.o(i.UART_EndRxTransfer)
    UART_EndRxTransfer                       0x080027f3   Thumb Code    54  stm32f1xx_hal_uart.o(i.UART_EndRxTransfer)
    i.UART_EndTransmit_IT                    0x08002828   Section        0  stm32f1xx_hal_uart.o(i.UART_EndTransmit_IT)
    UART_EndTransmit_IT                      0x08002829   Thumb Code    32  stm32f1xx_hal_uart.o(i.UART_EndTransmit_IT)
    i.UART_Receive_IT                        0x08002848   Section        0  stm32f1xx_hal_uart.o(i.UART_Receive_IT)
    UART_Receive_IT                          0x08002849   Thumb Code   228  stm32f1xx_hal_uart.o(i.UART_Receive_IT)
    i.UART_SetConfig                         0x0800292c   Section        0  stm32f1xx_hal_uart.o(i.UART_SetConfig)
    UART_SetConfig                           0x0800292d   Thumb Code   248  stm32f1xx_hal_uart.o(i.UART_SetConfig)
    i.UART_Transmit_IT                       0x08002a28   Section        0  stm32f1xx_hal_uart.o(i.UART_Transmit_IT)
    UART_Transmit_IT                         0x08002a29   Thumb Code    96  stm32f1xx_hal_uart.o(i.UART_Transmit_IT)
    i.UART_WaitOnFlagUntilTimeout            0x08002a88   Section        0  stm32f1xx_hal_uart.o(i.UART_WaitOnFlagUntilTimeout)
    UART_WaitOnFlagUntilTimeout              0x08002a89   Thumb Code   108  stm32f1xx_hal_uart.o(i.UART_WaitOnFlagUntilTimeout)
    i.USART1_IRQHandler                      0x08002af4   Section        0  stm32f1xx_it.o(i.USART1_IRQHandler)
    i.UsageFault_Handler                     0x08002b04   Section        0  stm32f1xx_it.o(i.UsageFault_Handler)
    i.__NVIC_GetPriorityGrouping             0x08002b08   Section        0  stm32f1xx_hal_cortex.o(i.__NVIC_GetPriorityGrouping)
    __NVIC_GetPriorityGrouping               0x08002b09   Thumb Code    10  stm32f1xx_hal_cortex.o(i.__NVIC_GetPriorityGrouping)
    i.__NVIC_SetPriority                     0x08002b18   Section        0  stm32f1xx_hal_cortex.o(i.__NVIC_SetPriority)
    __NVIC_SetPriority                       0x08002b19   Thumb Code    32  stm32f1xx_hal_cortex.o(i.__NVIC_SetPriority)
    i.ce                                     0x08002b40   Section        0  nrf24l01.o(i.ce)
    i.centralBoxText                         0x08002b54   Section        0  display.o(i.centralBoxText)
    i.checkPhoto                             0x08002bd8   Section        0  display.o(i.checkPhoto)
    i.checkingNum                            0x08002ca4   Section        0  function.o(i.checkingNum)
    i.clearCentralBox                        0x08002e70   Section        0  display.o(i.clearCentralBox)
    i.csn                                    0x08002e94   Section        0  nrf24l01.o(i.csn)
    i.delay_us                               0x08002eb0   Section        0  nrf24l01.o(i.delay_us)
    i.draw                                   0x08002edc   Section        0  display.o(i.draw)
    i.endlessMode                            0x08002f18   Section        0  function.o(i.endlessMode)
    i.flush_rx                               0x08003010   Section        0  nrf24l01.o(i.flush_rx)
    i.flush_tx                               0x0800301a   Section        0  nrf24l01.o(i.flush_tx)
    i.focusButtonIcon                        0x08003024   Section        0  display.o(i.focusButtonIcon)
    i.focusButtonReSet                       0x080030a4   Section        0  focusbutton.o(i.focusButtonReSet)
    i.focusButtonSet                         0x080030c4   Section        0  focusbutton.o(i.focusButtonSet)
    i.forBack                                0x080030e0   Section        0  leftbuttonpress.o(i.forBack)
    i.hexToAsciiForSend                      0x080030ec   Section        0  function.o(i.hexToAsciiForSend)
    i.isChipConnected                        0x0800313e   Section        0  nrf24l01.o(i.isChipConnected)
    i.itoa                                   0x08003158   Section        0  function.o(i.itoa)
    i.leftButtonName                         0x0800315c   Section        0  display.o(i.leftButtonName)
    i.leftButtonPress                        0x08003198   Section        0  leftbuttonpress.o(i.leftButtonPress)
    i.main                                   0x08003450   Section        0  main.o(i.main)
    i.nrfState                               0x0800374c   Section        0  display.o(i.nrfState)
    i.photoCounter                           0x080037bc   Section        0  display.o(i.photoCounter)
    i.powerUp                                0x08003864   Section        0  nrf24l01.o(i.powerUp)
    i.read_register                          0x08003888   Section        0  nrf24l01.o(i.read_register)
    i.rightButtonName                        0x080038d0   Section        0  display.o(i.rightButtonName)
    i.rightButtonPress                       0x0800390c   Section        0  rightbuttonpress.o(i.rightButtonPress)
    i.scrollBar                              0x08003a58   Section        0  display.o(i.scrollBar)
    i.setChannel                             0x08003b2a   Section        0  nrf24l01.o(i.setChannel)
    i.setDataRate                            0x08003b38   Section        0  nrf24l01.o(i.setDataRate)
    i.setFunction                            0x08003b90   Section        0  function.o(i.setFunction)
    i.setPALevel                             0x08003bb8   Section        0  nrf24l01.o(i.setPALevel)
    i.setRetries                             0x08003be6   Section        0  nrf24l01.o(i.setRetries)
    i.shootButtonIcon                        0x08003c00   Section        0  display.o(i.shootButtonIcon)
    i.shootButtonSet                         0x08003c80   Section        0  focusbutton.o(i.shootButtonSet)
    i.spiTrans                               0x08003cb8   Section        0  nrf24l01.o(i.spiTrans)
    i.ssd1306_Clear                          0x08003ce8   Section        0  ssd1306.o(i.ssd1306_Clear)
    i.ssd1306_DrawPixel                      0x08003d00   Section        0  ssd1306.o(i.ssd1306_DrawPixel)
    i.ssd1306_Fill                           0x08003da0   Section        0  ssd1306.o(i.ssd1306_Fill)
    i.ssd1306_Init                           0x08003dc0   Section        0  ssd1306.o(i.ssd1306_Init)
    i.ssd1306_InvertColors                   0x08003f14   Section        0  ssd1306.o(i.ssd1306_InvertColors)
    i.ssd1306_SetCursor                      0x08003f2c   Section        0  ssd1306.o(i.ssd1306_SetCursor)
    i.ssd1306_UpdateScreen                   0x08003f38   Section        0  ssd1306.o(i.ssd1306_UpdateScreen)
    i.ssd1306_WriteChar                      0x08003f88   Section        0  ssd1306.o(i.ssd1306_WriteChar)
    i.ssd1306_WriteCommand                   0x08004038   Section        0  ssd1306.o(i.ssd1306_WriteCommand)
    ssd1306_WriteCommand                     0x08004039   Thumb Code    34  ssd1306.o(i.ssd1306_WriteCommand)
    i.ssd1306_WriteIntOnCentralBox           0x0800405c   Section        0  display.o(i.ssd1306_WriteIntOnCentralBox)
    i.ssd1306_WriteString                    0x080040dc   Section        0  ssd1306.o(i.ssd1306_WriteString)
    i.startPage                              0x08004108   Section        0  display.o(i.startPage)
    i.startTable                             0x08004558   Section        0  display.o(i.startTable)
    i.toggle_features                        0x080045e4   Section        0  nrf24l01.o(i.toggle_features)
    i.uartOffSend                            0x08004618   Section        0  main.o(i.uartOffSend)
    i.uartSend                               0x08004634   Section        0  function.o(i.uartSend)
    i.uartSendInt                            0x0800464c   Section        0  function.o(i.uartSendInt)
    i.updateScreen                           0x0800466c   Section        0  main.o(i.updateScreen)
    i.workedFunction                         0x0800467c   Section        0  main.o(i.workedFunction)
    i.write_register                         0x08004ffc   Section        0  nrf24l01.o(i.write_register)
    .constdata                               0x08005048   Section    11590  fonts.o(.constdata)
    Font7x7                                  0x08005048   Data        1330  fonts.o(.constdata)
    Font7x10                                 0x0800557a   Data        1900  fonts.o(.constdata)
    Font11x18                                0x08005ce6   Data        3420  fonts.o(.constdata)
    Font16x26                                0x08006a42   Data        4940  fonts.o(.constdata)
    .constdata                               0x08007d8e   Section       24  system_stm32f1xx.o(.constdata)
    .data                                    0x20000000   Section       32  fonts.o(.data)
    .data                                    0x20000020   Section        6  ssd1306.o(.data)
    SSD1306                                  0x20000020   Data           6  ssd1306.o(.data)
    .data                                    0x20000028   Section       36  main.o(.data)
    .data                                    0x2000004c   Section       10  nrf24l01.o(.data)
    .data                                    0x20000056   Section        2  focusbutton.o(.data)
    .data                                    0x20000058   Section        4  leftbuttonpress.o(.data)
    .data                                    0x2000005c   Section        9  stm32f1xx_hal.o(.data)
    .data                                    0x20000068   Section        4  system_stm32f1xx.o(.data)
    .bss                                     0x2000006c   Section     1024  ssd1306.o(.bss)
    SSD1306_Buffer                           0x2000006c   Data        1024  ssd1306.o(.bss)
    .bss                                     0x2000046c   Section      240  main.o(.bss)
    .bss                                     0x2000055c   Section       96  libspace.o(.bss)
    HEAP                                     0x200005c0   Section      512  startup_stm32f103xb.o(HEAP)
    Heap_Mem                                 0x200005c0   Data         512  startup_stm32f103xb.o(HEAP)
    STACK                                    0x200007c0   Section     1024  startup_stm32f103xb.o(STACK)
    Stack_Mem                                0x200007c0   Data        1024  startup_stm32f103xb.o(STACK)
    __initial_sp                             0x20000bc0   Data           0  startup_stm32f103xb.o(STACK)

    Global Symbols

    Symbol Name                              Value     Ov Type        Size  Object(Section)

    BuildAttributes$$THM_ISAv4$P$D$K$B$S$PE$A:L22UL41UL21$X:L11$S22US41US21$IEEE1$IW$USESV6$~STKCKD$USESV7$~SHL$OSPACE$ROPI$EBA8$UX$STANDARDLIB$REQ8$PRES8$EABIv2 0x00000000   Number         0  anon$$obj.o ABSOLUTE
    __ARM_use_no_argv                        0x00000000   Number         0  main.o ABSOLUTE
    __ARM_exceptions_init                     - Undefined Weak Reference
    __alloca_initialize                       - Undefined Weak Reference
    __arm_fini_                               - Undefined Weak Reference
    __arm_preinit_                            - Undefined Weak Reference
    __cpp_initialize__aeabi_                  - Undefined Weak Reference
    __cxa_finalize                            - Undefined Weak Reference
    __rt_locale                               - Undefined Weak Reference
    __sigvec_lookup                           - Undefined Weak Reference
    _atexit_init                              - Undefined Weak Reference
    _call_atexit_fns                          - Undefined Weak Reference
    _clock_init                               - Undefined Weak Reference
    _fp_trap_init                             - Undefined Weak Reference
    _fp_trap_shutdown                         - Undefined Weak Reference
    _get_lc_collate                           - Undefined Weak Reference
    _get_lc_ctype                             - Undefined Weak Reference
    _get_lc_monetary                          - Undefined Weak Reference
    _get_lc_numeric                           - Undefined Weak Reference
    _get_lc_time                              - Undefined Weak Reference
    _getenv_init                              - Undefined Weak Reference
    _handle_redirection                       - Undefined Weak Reference
    _init_alloc                               - Undefined Weak Reference
    _init_user_alloc                          - Undefined Weak Reference
    _initio                                   - Undefined Weak Reference
    _printf_mbtowc                            - Undefined Weak Reference
    _printf_post_padding                      - Undefined Weak Reference
    _printf_pre_padding                       - Undefined Weak Reference
    _printf_truncate_signed                   - Undefined Weak Reference
    _printf_truncate_unsigned                 - Undefined Weak Reference
    _rand_init                                - Undefined Weak Reference
    _signal_finish                            - Undefined Weak Reference
    _signal_init                              - Undefined Weak Reference
    _terminate_alloc                          - Undefined Weak Reference
    _terminate_user_alloc                     - Undefined Weak Reference
    _terminateio                              - Undefined Weak Reference
    __Vectors_Size                           0x000000ec   Number         0  startup_stm32f103xb.o ABSOLUTE
    __Vectors                                0x08000000   Data           4  startup_stm32f103xb.o(RESET)
    __Vectors_End                            0x080000ec   Data           0  startup_stm32f103xb.o(RESET)
    __main                                   0x080000ed   Thumb Code     8  __main.o(!!!main)
    __scatterload                            0x080000f5   Thumb Code     0  __scatter.o(!!!scatter)
    __scatterload_rt2                        0x080000f5   Thumb Code    44  __scatter.o(!!!scatter)
    __scatterload_rt2_thumb_only             0x080000f5   Thumb Code     0  __scatter.o(!!!scatter)
    __scatterload_null                       0x08000103   Thumb Code     0  __scatter.o(!!!scatter)
    __scatterload_copy                       0x08000129   Thumb Code    26  __scatter_copy.o(!!handler_copy)
    __scatterload_zeroinit                   0x08000145   Thumb Code    28  __scatter_zi.o(!!handler_zi)
    _printf_d                                0x08000161   Thumb Code     0  _printf_d.o(.ARM.Collect$$_printf_percent$$00000009)
    _printf_percent                          0x08000161   Thumb Code     0  _printf_percent.o(.ARM.Collect$$_printf_percent$$00000000)
    _printf_s                                0x08000167   Thumb Code     0  _printf_s.o(.ARM.Collect$$_printf_percent$$00000014)
    _printf_percent_end                      0x0800016d   Thumb Code     0  _printf_percent_end.o(.ARM.Collect$$_printf_percent$$00000017)
    __rt_lib_init                            0x08000171   Thumb Code     0  libinit.o(.ARM.Collect$$libinit$$00000000)
    __rt_lib_init_alloca_1                   0x08000173   Thumb Code     0  libinit2.o(.ARM.Collect$$libinit$$0000002E)
    __rt_lib_init_argv_1                     0x08000173   Thumb Code     0  libinit2.o(.ARM.Collect$$libinit$$0000002C)
    __rt_lib_init_atexit_1                   0x08000173   Thumb Code     0  libinit2.o(.ARM.Collect$$libinit$$0000001B)
    __rt_lib_init_clock_1                    0x08000173   Thumb Code     0  libinit2.o(.ARM.Collect$$libinit$$00000021)
    __rt_lib_init_cpp_1                      0x08000173   Thumb Code     0  libinit2.o(.ARM.Collect$$libinit$$00000032)
    __rt_lib_init_exceptions_1               0x08000173   Thumb Code     0  libinit2.o(.ARM.Collect$$libinit$$00000030)
    __rt_lib_init_fp_1                       0x08000173   Thumb Code     0  libinit2.o(.ARM.Collect$$libinit$$00000002)
    __rt_lib_init_fp_trap_1                  0x08000173   Thumb Code     0  libinit2.o(.ARM.Collect$$libinit$$0000001F)
    __rt_lib_init_getenv_1                   0x08000173   Thumb Code     0  libinit2.o(.ARM.Collect$$libinit$$00000023)
    __rt_lib_init_heap_1                     0x08000173   Thumb Code     0  libinit2.o(.ARM.Collect$$libinit$$0000000A)
    __rt_lib_init_lc_collate_1               0x08000173   Thumb Code     0  libinit2.o(.ARM.Collect$$libinit$$00000011)
    __rt_lib_init_lc_ctype_1                 0x08000173   Thumb Code     0  libinit2.o(.ARM.Collect$$libinit$$00000013)
    __rt_lib_init_lc_monetary_1              0x08000173   Thumb Code     0  libinit2.o(.ARM.Collect$$libinit$$00000015)
    __rt_lib_init_lc_numeric_1               0x08000173   Thumb Code     0  libinit2.o(.ARM.Collect$$libinit$$00000017)
    __rt_lib_init_lc_time_1                  0x08000173   Thumb Code     0  libinit2.o(.ARM.Collect$$libinit$$00000019)
    __rt_lib_init_preinit_1                  0x08000173   Thumb Code     0  libinit2.o(.ARM.Collect$$libinit$$00000004)
    __rt_lib_init_rand_1                     0x08000173   Thumb Code     0  libinit2.o(.ARM.Collect$$libinit$$0000000E)
    __rt_lib_init_return                     0x08000173   Thumb Code     0  libinit2.o(.ARM.Collect$$libinit$$00000033)
    __rt_lib_init_signal_1                   0x08000173   Thumb Code     0  libinit2.o(.ARM.Collect$$libinit$$0000001D)
    __rt_lib_init_stdio_1                    0x08000173   Thumb Code     0  libinit2.o(.ARM.Collect$$libinit$$00000025)
    __rt_lib_init_user_alloc_1               0x08000173   Thumb Code     0  libinit2.o(.ARM.Collect$$libinit$$0000000C)
    __rt_lib_shutdown                        0x08000175   Thumb Code     0  libshutdown.o(.ARM.Collect$$libshutdown$$00000000)
    __rt_lib_shutdown_cpp_1                  0x08000177   Thumb Code     0  libshutdown2.o(.ARM.Collect$$libshutdown$$00000004)
    __rt_lib_shutdown_fini_1                 0x08000177   Thumb Code     0  libshutdown2.o(.ARM.Collect$$libshutdown$$00000002)
    __rt_lib_shutdown_fp_trap_1              0x08000177   Thumb Code     0  libshutdown2.o(.ARM.Collect$$libshutdown$$00000009)
    __rt_lib_shutdown_heap_1                 0x08000177   Thumb Code     0  libshutdown2.o(.ARM.Collect$$libshutdown$$00000011)
    __rt_lib_shutdown_return                 0x08000177   Thumb Code     0  libshutdown2.o(.ARM.Collect$$libshutdown$$00000012)
    __rt_lib_shutdown_signal_1               0x08000177   Thumb Code     0  libshutdown2.o(.ARM.Collect$$libshutdown$$0000000C)
    __rt_lib_shutdown_stdio_1                0x08000177   Thumb Code     0  libshutdown2.o(.ARM.Collect$$libshutdown$$00000006)
    __rt_lib_shutdown_user_alloc_1           0x08000177   Thumb Code     0  libshutdown2.o(.ARM.Collect$$libshutdown$$0000000E)
    __rt_entry                               0x08000179   Thumb Code     0  __rtentry.o(.ARM.Collect$$rtentry$$00000000)
    __rt_entry_presh_1                       0x08000179   Thumb Code     0  __rtentry2.o(.ARM.Collect$$rtentry$$00000002)
    __rt_entry_sh                            0x08000179   Thumb Code     0  __rtentry4.o(.ARM.Collect$$rtentry$$00000004)
    __rt_entry_li                            0x0800017f   Thumb Code     0  __rtentry2.o(.ARM.Collect$$rtentry$$0000000A)
    __rt_entry_postsh_1                      0x0800017f   Thumb Code     0  __rtentry2.o(.ARM.Collect$$rtentry$$00000009)
    __rt_entry_main                          0x08000183   Thumb Code     0  __rtentry2.o(.ARM.Collect$$rtentry$$0000000D)
    __rt_entry_postli_1                      0x08000183   Thumb Code     0  __rtentry2.o(.ARM.Collect$$rtentry$$0000000C)
    __rt_exit                                0x0800018b   Thumb Code     0  rtexit.o(.ARM.Collect$$rtexit$$00000000)
    __rt_exit_ls                             0x0800018d   Thumb Code     0  rtexit2.o(.ARM.Collect$$rtexit$$00000003)
    __rt_exit_prels_1                        0x0800018d   Thumb Code     0  rtexit2.o(.ARM.Collect$$rtexit$$00000002)
    __rt_exit_exit                           0x08000191   Thumb Code     0  rtexit2.o(.ARM.Collect$$rtexit$$00000004)
    Reset_Handler                            0x08000199   Thumb Code     8  startup_stm32f103xb.o(.text)
    ADC1_2_IRQHandler                        0x080001b3   Thumb Code     0  startup_stm32f103xb.o(.text)
    CAN1_RX1_IRQHandler                      0x080001b3   Thumb Code     0  startup_stm32f103xb.o(.text)
    CAN1_SCE_IRQHandler                      0x080001b3   Thumb Code     0  startup_stm32f103xb.o(.text)
    DMA1_Channel1_IRQHandler                 0x080001b3   Thumb Code     0  startup_stm32f103xb.o(.text)
    DMA1_Channel2_IRQHandler                 0x080001b3   Thumb Code     0  startup_stm32f103xb.o(.text)
    DMA1_Channel3_IRQHandler                 0x080001b3   Thumb Code     0  startup_stm32f103xb.o(.text)
    DMA1_Channel4_IRQHandler                 0x080001b3   Thumb Code     0  startup_stm32f103xb.o(.text)
    DMA1_Channel5_IRQHandler                 0x080001b3   Thumb Code     0  startup_stm32f103xb.o(.text)
    DMA1_Channel6_IRQHandler                 0x080001b3   Thumb Code     0  startup_stm32f103xb.o(.text)
    DMA1_Channel7_IRQHandler                 0x080001b3   Thumb Code     0  startup_stm32f103xb.o(.text)
    EXTI0_IRQHandler                         0x080001b3   Thumb Code     0  startup_stm32f103xb.o(.text)
    EXTI15_10_IRQHandler                     0x080001b3   Thumb Code     0  startup_stm32f103xb.o(.text)
    EXTI1_IRQHandler                         0x080001b3   Thumb Code     0  startup_stm32f103xb.o(.text)
    EXTI2_IRQHandler                         0x080001b3   Thumb Code     0  startup_stm32f103xb.o(.text)
    EXTI3_IRQHandler                         0x080001b3   Thumb Code     0  startup_stm32f103xb.o(.text)
    EXTI4_IRQHandler                         0x080001b3   Thumb Code     0  startup_stm32f103xb.o(.text)
    EXTI9_5_IRQHandler                       0x080001b3   Thumb Code     0  startup_stm32f103xb.o(.text)
    FLASH_IRQHandler                         0x080001b3   Thumb Code     0  startup_stm32f103xb.o(.text)
    I2C1_ER_IRQHandler                       0x080001b3   Thumb Code     0  startup_stm32f103xb.o(.text)
    I2C1_EV_IRQHandler                       0x080001b3   Thumb Code     0  startup_stm32f103xb.o(.text)
    I2C2_ER_IRQHandler                       0x080001b3   Thumb Code     0  startup_stm32f103xb.o(.text)
    I2C2_EV_IRQHandler                       0x080001b3   Thumb Code     0  startup_stm32f103xb.o(.text)
    PVD_IRQHandler                           0x080001b3   Thumb Code     0  startup_stm32f103xb.o(.text)
    RCC_IRQHandler                           0x080001b3   Thumb Code     0  startup_stm32f103xb.o(.text)
    RTC_Alarm_IRQHandler                     0x080001b3   Thumb Code     0  startup_stm32f103xb.o(.text)
    RTC_IRQHandler                           0x080001b3   Thumb Code     0  startup_stm32f103xb.o(.text)
    SPI1_IRQHandler                          0x080001b3   Thumb Code     0  startup_stm32f103xb.o(.text)
    SPI2_IRQHandler                          0x080001b3   Thumb Code     0  startup_stm32f103xb.o(.text)
    TAMPER_IRQHandler                        0x080001b3   Thumb Code     0  startup_stm32f103xb.o(.text)
    TIM1_BRK_IRQHandler                      0x080001b3   Thumb Code     0  startup_stm32f103xb.o(.text)
    TIM1_CC_IRQHandler                       0x080001b3   Thumb Code     0  startup_stm32f103xb.o(.text)
    TIM1_TRG_COM_IRQHandler                  0x080001b3   Thumb Code     0  startup_stm32f103xb.o(.text)
    TIM1_UP_IRQHandler                       0x080001b3   Thumb Code     0  startup_stm32f103xb.o(.text)
    TIM2_IRQHandler                          0x080001b3   Thumb Code     0  startup_stm32f103xb.o(.text)
    TIM3_IRQHandler                          0x080001b3   Thumb Code     0  startup_stm32f103xb.o(.text)
    TIM4_IRQHandler                          0x080001b3   Thumb Code     0  startup_stm32f103xb.o(.text)
    USART2_IRQHandler                        0x080001b3   Thumb Code     0  startup_stm32f103xb.o(.text)
    USART3_IRQHandler                        0x080001b3   Thumb Code     0  startup_stm32f103xb.o(.text)
    USBWakeUp_IRQHandler                     0x080001b3   Thumb Code     0  startup_stm32f103xb.o(.text)
    USB_HP_CAN1_TX_IRQHandler                0x080001b3   Thumb Code     0  startup_stm32f103xb.o(.text)
    USB_LP_CAN1_RX0_IRQHandler               0x080001b3   Thumb Code     0  startup_stm32f103xb.o(.text)
    WWDG_IRQHandler                          0x080001b3   Thumb Code     0  startup_stm32f103xb.o(.text)
    __user_initial_stackheap                 0x080001b5   Thumb Code     0  startup_stm32f103xb.o(.text)
    __aeabi_llsr                             0x080001d9   Thumb Code     0  llushr.o(.text)
    _ll_ushift_r                             0x080001d9   Thumb Code    38  llushr.o(.text)
    __2sprintf                               0x08000201   Thumb Code    34  noretval__2sprintf.o(.text)
    __2snprintf                              0x08000229   Thumb Code    48  noretval__2snprintf.o(.text)
    __printf                                 0x0800025d   Thumb Code   104  __printf.o(.text)
    _printf_str                              0x080002c5   Thumb Code    82  _printf_str.o(.text)
    _printf_int_dec                          0x08000319   Thumb Code   104  _printf_dec.o(.text)
    strcpy                                   0x08000391   Thumb Code    72  strcpy.o(.text)
    strlen                                   0x080003d9   Thumb Code    62  strlen.o(.text)
    __aeabi_memclr4                          0x08000417   Thumb Code     0  rt_memclr_w.o(.text)
    __aeabi_memclr8                          0x08000417   Thumb Code     0  rt_memclr_w.o(.text)
    __rt_memclr_w                            0x08000417   Thumb Code    78  rt_memclr_w.o(.text)
    _memset_w                                0x0800041b   Thumb Code     0  rt_memclr_w.o(.text)
    __use_two_region_memory                  0x08000465   Thumb Code     2  heapauxi.o(.text)
    __rt_heap_escrow$2region                 0x08000467   Thumb Code     2  heapauxi.o(.text)
    __rt_heap_expand$2region                 0x08000469   Thumb Code     2  heapauxi.o(.text)
    _printf_int_common                       0x0800046b   Thumb Code   178  _printf_intcommon.o(.text)
    _printf_char_common                      0x08000527   Thumb Code    32  _printf_char_common.o(.text)
    _sputc                                   0x0800054d   Thumb Code    10  _sputc.o(.text)
    _snputc                                  0x08000557   Thumb Code    16  _snputc.o(.text)
    _printf_cs_common                        0x08000567   Thumb Code    20  _printf_char.o(.text)
    _printf_char                             0x0800057b   Thumb Code    16  _printf_char.o(.text)
    _printf_string                           0x0800058b   Thumb Code     8  _printf_char.o(.text)
    __user_setup_stackheap                   0x08000593   Thumb Code    74  sys_stackheap_outer.o(.text)
    exit                                     0x080005dd   Thumb Code    18  exit.o(.text)
    __user_libspace                          0x080005f1   Thumb Code     8  libspace.o(.text)
    __user_perproc_libspace                  0x080005f1   Thumb Code     0  libspace.o(.text)
    __user_perthread_libspace                0x080005f1   Thumb Code     0  libspace.o(.text)
    _sys_exit                                0x080005f9   Thumb Code     8  sys_exit.o(.text)
    __I$use$semihosting                      0x08000605   Thumb Code     0  use_no_semi.o(.text)
    __use_no_semihosting_swi                 0x08000605   Thumb Code     2  use_no_semi.o(.text)
    BusFault_Handler                         0x08000607   Thumb Code     4  stm32f1xx_it.o(i.BusFault_Handler)
    __semihosting_library_function           0x08000607   Thumb Code     0  indicate_semi.o(.text)
    DWT_Init                                 0x0800060d   Thumb Code    26  nrf24l01.o(i.DWT_Init)
    DebugMon_Handler                         0x08000631   Thumb Code     2  stm32f1xx_it.o(i.DebugMon_Handler)
    Error_Handler                            0x08000633   Thumb Code     6  main.o(i.Error_Handler)
    HAL_DMA_Abort                            0x08000639   Thumb Code    86  stm32f1xx_hal_dma.o(i.HAL_DMA_Abort)
    HAL_DMA_Abort_IT                         0x08000691   Thumb Code   172  stm32f1xx_hal_dma.o(i.HAL_DMA_Abort_IT)
    HAL_Delay                                0x08000741   Thumb Code    36  stm32f1xx_hal.o(i.HAL_Delay)
    HAL_GPIO_Init                            0x08000769   Thumb Code   766  stm32f1xx_hal_gpio.o(i.HAL_GPIO_Init)
    HAL_GPIO_ReadPin                         0x08000a89   Thumb Code    16  stm32f1xx_hal_gpio.o(i.HAL_GPIO_ReadPin)
    HAL_GPIO_WritePin                        0x08000a99   Thumb Code    12  stm32f1xx_hal_gpio.o(i.HAL_GPIO_WritePin)
    HAL_GetTick                              0x08000aa5   Thumb Code     6  stm32f1xx_hal.o(i.HAL_GetTick)
    HAL_I2C_Init                             0x08000ab1   Thumb Code   446  stm32f1xx_hal_i2c.o(i.HAL_I2C_Init)
    HAL_I2C_Mem_Write                        0x08000c81   Thumb Code   348  stm32f1xx_hal_i2c.o(i.HAL_I2C_Mem_Write)
    HAL_I2C_MspInit                          0x08000de5   Thumb Code   104  stm32f1xx_hal_msp.o(i.HAL_I2C_MspInit)
    HAL_IncTick                              0x08000e59   Thumb Code    16  stm32f1xx_hal.o(i.HAL_IncTick)
    HAL_Init                                 0x08000e71   Thumb Code    34  stm32f1xx_hal.o(i.HAL_Init)
    HAL_InitTick                             0x08000e99   Thumb Code    64  stm32f1xx_hal.o(i.HAL_InitTick)
    HAL_MspInit                              0x08000ee5   Thumb Code    76  stm32f1xx_hal_msp.o(i.HAL_MspInit)
    HAL_NVIC_EnableIRQ                       0x08000f39   Thumb Code    32  stm32f1xx_hal_cortex.o(i.HAL_NVIC_EnableIRQ)
    HAL_NVIC_SetPriority                     0x08000f59   Thumb Code   124  stm32f1xx_hal_cortex.o(i.HAL_NVIC_SetPriority)
    HAL_NVIC_SetPriorityGrouping             0x08000fd5   Thumb Code    32  stm32f1xx_hal_cortex.o(i.HAL_NVIC_SetPriorityGrouping)
    HAL_RCC_ClockConfig                      0x08000ffd   Thumb Code   376  stm32f1xx_hal_rcc.o(i.HAL_RCC_ClockConfig)
    HAL_RCC_GetHCLKFreq                      0x08001189   Thumb Code     6  stm32f1xx_hal_rcc.o(i.HAL_RCC_GetHCLKFreq)
    HAL_RCC_GetPCLK1Freq                     0x08001195   Thumb Code    22  stm32f1xx_hal_rcc.o(i.HAL_RCC_GetPCLK1Freq)
    HAL_RCC_GetPCLK2Freq                     0x080011b5   Thumb Code    22  stm32f1xx_hal_rcc.o(i.HAL_RCC_GetPCLK2Freq)
    HAL_RCC_GetSysClockFreq                  0x080011d5   Thumb Code   116  stm32f1xx_hal_rcc.o(i.HAL_RCC_GetSysClockFreq)
    HAL_RCC_OscConfig                        0x08001269   Thumb Code  1114  stm32f1xx_hal_rcc.o(i.HAL_RCC_OscConfig)
    HAL_SPI_Init                             0x080016cd   Thumb Code   190  stm32f1xx_hal_spi.o(i.HAL_SPI_Init)
    HAL_SPI_MspInit                          0x0800178d   Thumb Code   120  stm32f1xx_hal_msp.o(i.HAL_SPI_MspInit)
    HAL_SPI_Transmit                         0x08001811   Thumb Code   430  stm32f1xx_hal_spi.o(i.HAL_SPI_Transmit)
    HAL_SPI_TransmitReceive                  0x080019bf   Thumb Code   554  stm32f1xx_hal_spi.o(i.HAL_SPI_TransmitReceive)
    HAL_SYSTICK_Config                       0x08001be9   Thumb Code    52  stm32f1xx_hal_cortex.o(i.HAL_SYSTICK_Config)
    HAL_UARTEx_RxEventCallback               0x08001c1d   Thumb Code     2  stm32f1xx_hal_uart.o(i.HAL_UARTEx_RxEventCallback)
    HAL_UART_ErrorCallback                   0x08001c1f   Thumb Code     2  stm32f1xx_hal_uart.o(i.HAL_UART_ErrorCallback)
    HAL_UART_IRQHandler                      0x08001c21   Thumb Code   582  stm32f1xx_hal_uart.o(i.HAL_UART_IRQHandler)
    HAL_UART_Init                            0x08001e6d   Thumb Code   114  stm32f1xx_hal_uart.o(i.HAL_UART_Init)
    HAL_UART_MspInit                         0x08001ee1   Thumb Code   138  stm32f1xx_hal_msp.o(i.HAL_UART_MspInit)
    HAL_UART_RxCpltCallback                  0x08001f79   Thumb Code     2  stm32f1xx_hal_uart.o(i.HAL_UART_RxCpltCallback)
    HAL_UART_Transmit                        0x08001f7b   Thumb Code   210  stm32f1xx_hal_uart.o(i.HAL_UART_Transmit)
    HAL_UART_TxCpltCallback                  0x0800204d   Thumb Code     2  stm32f1xx_hal_uart.o(i.HAL_UART_TxCpltCallback)
    HardFault_Handler                        0x08002051   Thumb Code    24  stm32f1xx_it.o(i.HardFault_Handler)
    MemManage_Handler                        0x0800256d   Thumb Code     4  stm32f1xx_it.o(i.MemManage_Handler)
    NMI_Handler                              0x08002571   Thumb Code     4  stm32f1xx_it.o(i.NMI_Handler)
    NRF_Init                                 0x08002575   Thumb Code   184  nrf24l01.o(i.NRF_Init)
    PendSV_Handler                           0x08002641   Thumb Code     2  stm32f1xx_it.o(i.PendSV_Handler)
    SVC_Handler                              0x0800276d   Thumb Code     2  stm32f1xx_it.o(i.SVC_Handler)
    SysTick_Handler                          0x0800276f   Thumb Code     8  stm32f1xx_it.o(i.SysTick_Handler)
    SystemClock_Config                       0x08002777   Thumb Code   102  main.o(i.SystemClock_Config)
    SystemInit                               0x080027dd   Thumb Code     2  system_stm32f1xx.o(i.SystemInit)
    USART1_IRQHandler                        0x08002af5   Thumb Code    10  stm32f1xx_it.o(i.USART1_IRQHandler)
    UsageFault_Handler                       0x08002b05   Thumb Code     4  stm32f1xx_it.o(i.UsageFault_Handler)
    ce                                       0x08002b41   Thumb Code    16  nrf24l01.o(i.ce)
    centralBoxText                           0x08002b55   Thumb Code   126  display.o(i.centralBoxText)
    checkPhoto                               0x08002bd9   Thumb Code   198  display.o(i.checkPhoto)
    checkingNum                              0x08002ca5   Thumb Code   444  function.o(i.checkingNum)
    clearCentralBox                          0x08002e71   Thumb Code    34  display.o(i.clearCentralBox)
    csn                                      0x08002e95   Thumb Code    22  nrf24l01.o(i.csn)
    delay_us                                 0x08002eb1   Thumb Code    32  nrf24l01.o(i.delay_us)
    draw                                     0x08002edd   Thumb Code    58  display.o(i.draw)
    endlessMode                              0x08002f19   Thumb Code   234  function.o(i.endlessMode)
    flush_rx                                 0x08003011   Thumb Code    10  nrf24l01.o(i.flush_rx)
    flush_tx                                 0x0800301b   Thumb Code    10  nrf24l01.o(i.flush_tx)
    focusButtonIcon                          0x08003025   Thumb Code   128  display.o(i.focusButtonIcon)
    focusButtonReSet                         0x080030a5   Thumb Code    22  focusbutton.o(i.focusButtonReSet)
    focusButtonSet                           0x080030c5   Thumb Code    20  focusbutton.o(i.focusButtonSet)
    forBack                                  0x080030e1   Thumb Code     6  leftbuttonpress.o(i.forBack)
    hexToAsciiForSend                        0x080030ed   Thumb Code    82  function.o(i.hexToAsciiForSend)
    isChipConnected                          0x0800313f   Thumb Code    26  nrf24l01.o(i.isChipConnected)
    itoa                                     0x08003159   Thumb Code     2  function.o(i.itoa)
    leftButtonName                           0x0800315d   Thumb Code    56  display.o(i.leftButtonName)
    leftButtonPress                          0x08003199   Thumb Code   570  leftbuttonpress.o(i.leftButtonPress)
    main                                     0x08003451   Thumb Code   596  main.o(i.main)
    nrfState                                 0x0800374d   Thumb Code   110  display.o(i.nrfState)
    photoCounter                             0x080037bd   Thumb Code   148  display.o(i.photoCounter)
    powerUp                                  0x08003865   Thumb Code    34  nrf24l01.o(i.powerUp)
    read_register                            0x08003889   Thumb Code    66  nrf24l01.o(i.read_register)
    rightButtonName                          0x080038d1   Thumb Code    56  display.o(i.rightButtonName)
    rightButtonPress                         0x0800390d   Thumb Code   302  rightbuttonpress.o(i.rightButtonPress)
    scrollBar                                0x08003a59   Thumb Code   210  display.o(i.scrollBar)
    setChannel                               0x08003b2b   Thumb Code    14  nrf24l01.o(i.setChannel)
    setDataRate                              0x08003b39   Thumb Code    82  nrf24l01.o(i.setDataRate)
    setFunction                              0x08003b91   Thumb Code    40  function.o(i.setFunction)
    setPALevel                               0x08003bb9   Thumb Code    46  nrf24l01.o(i.setPALevel)
    setRetries                               0x08003be7   Thumb Code    26  nrf24l01.o(i.setRetries)
    shootButtonIcon                          0x08003c01   Thumb Code   128  display.o(i.shootButtonIcon)
    shootButtonSet                           0x08003c81   Thumb Code    46  focusbutton.o(i.shootButtonSet)
    spiTrans                                 0x08003cb9   Thumb Code    42  nrf24l01.o(i.spiTrans)
    ssd1306_Clear                            0x08003ce9   Thumb Code    20  ssd1306.o(i.ssd1306_Clear)
    ssd1306_DrawPixel                        0x08003d01   Thumb Code   152  ssd1306.o(i.ssd1306_DrawPixel)
    ssd1306_Fill                             0x08003da1   Thumb Code    28  ssd1306.o(i.ssd1306_Fill)
    ssd1306_Init                             0x08003dc1   Thumb Code   334  ssd1306.o(i.ssd1306_Init)
    ssd1306_InvertColors                     0x08003f15   Thumb Code    18  ssd1306.o(i.ssd1306_InvertColors)
    ssd1306_SetCursor                        0x08003f2d   Thumb Code     8  ssd1306.o(i.ssd1306_SetCursor)
    ssd1306_UpdateScreen                     0x08003f39   Thumb Code    74  ssd1306.o(i.ssd1306_UpdateScreen)
    ssd1306_WriteChar                        0x08003f89   Thumb Code   172  ssd1306.o(i.ssd1306_WriteChar)
    ssd1306_WriteIntOnCentralBox             0x0800405d   Thumb Code   108  display.o(i.ssd1306_WriteIntOnCentralBox)
    ssd1306_WriteString                      0x080040dd   Thumb Code    44  ssd1306.o(i.ssd1306_WriteString)
    startPage                                0x08004109   Thumb Code  1104  display.o(i.startPage)
    startTable                               0x08004559   Thumb Code   128  display.o(i.startTable)
    toggle_features                          0x080045e5   Thumb Code    48  nrf24l01.o(i.toggle_features)
    uartOffSend                              0x08004619   Thumb Code    22  main.o(i.uartOffSend)
    uartSend                                 0x08004635   Thumb Code    22  function.o(i.uartSend)
    uartSendInt                              0x0800464d   Thumb Code    26  function.o(i.uartSendInt)
    updateScreen                             0x0800466d   Thumb Code    10  main.o(i.updateScreen)
    workedFunction                           0x0800467d   Thumb Code  2266  main.o(i.workedFunction)
    write_register                           0x08004ffd   Thumb Code    70  nrf24l01.o(i.write_register)
    AHBPrescTable                            0x08007d8e   Data          16  system_stm32f1xx.o(.constdata)
    APBPrescTable                            0x08007d9e   Data           8  system_stm32f1xx.o(.constdata)
    Region$$Table$$Base                      0x08007da8   Number         0  anon$$obj.o(Region$$Table)
    Region$$Table$$Limit                     0x08007dc8   Number         0  anon$$obj.o(Region$$Table)
    Font_7x7                                 0x20000000   Data           8  fonts.o(.data)
    Font_7x10                                0x20000008   Data           8  fonts.o(.data)
    Font_11x18                               0x20000010   Data           8  fonts.o(.data)
    Font_16x26                               0x20000018   Data           8  fonts.o(.data)
    function                                 0x20000028   Data           4  main.o(.data)
    photoCol                                 0x2000002c   Data           4  main.o(.data)
    pauseTime                                0x20000030   Data           4  main.o(.data)
    focusTime                                0x20000034   Data           4  main.o(.data)
    total                                    0x20000038   Data           4  main.o(.data)
    rightButtonText                          0x2000003c   Data           8  main.o(.data)
    leftButtonText                           0x20000044   Data           5  main.o(.data)
    LCDTrue                                  0x20000049   Data           1  main.o(.data)
    nrfInit                                  0x2000004a   Data           1  main.o(.data)
    pultConnected                            0x2000004b   Data           1  main.o(.data)
    p_variant                                0x2000004c   Data           1  nrf24l01.o(.data)
    payload_size                             0x2000004d   Data           1  nrf24l01.o(.data)
    dynamic_payloads_enabled                 0x2000004e   Data           1  nrf24l01.o(.data)
    pipe0_reading_address                    0x2000004f   Data           5  nrf24l01.o(.data)
    addr_width                               0x20000054   Data           1  nrf24l01.o(.data)
    txDelay                                  0x20000055   Data           1  nrf24l01.o(.data)
    focusSet                                 0x20000056   Data           1  focusbutton.o(.data)
    shootSet                                 0x20000057   Data           1  focusbutton.o(.data)
    funcForback                              0x20000058   Data           4  leftbuttonpress.o(.data)
    uwTick                                   0x2000005c   Data           4  stm32f1xx_hal.o(.data)
    uwTickPrio                               0x20000060   Data           4  stm32f1xx_hal.o(.data)
    uwTickFreq                               0x20000064   Data           1  stm32f1xx_hal.o(.data)
    SystemCoreClock                          0x20000068   Data           4  system_stm32f1xx.o(.data)
    hi2c1                                    0x2000046c   Data          84  main.o(.bss)
    hspi1                                    0x200004c0   Data          88  main.o(.bss)
    huart1                                   0x20000518   Data          68  main.o(.bss)
    __libspace_start                         0x2000055c   Data          96  libspace.o(.bss)
    __temporary_stack_top$libspace           0x200005bc   Data           0  libspace.o(.bss)



==============================================================================

Memory Map of the image

  Image Entry point : 0x080000ed

  Load Region LR_IROM1 (Base: 0x08000000, Size: 0x00007e34, Max: 0x00010000, ABSOLUTE)

    Execution Region ER_IROM1 (Exec base: 0x08000000, Load base: 0x08000000, Size: 0x00007dc8, Max: 0x00010000, ABSOLUTE)

    Exec Addr    Load Addr    Size         Type   Attr      Idx    E Section Name        Object

    0x08000000   0x08000000   0x000000ec   Data   RO            3    RESET               startup_stm32f103xb.o
    0x080000ec   0x080000ec   0x00000008   Code   RO         3395  * !!!main             c_w.l(__main.o)
    0x080000f4   0x080000f4   0x00000034   Code   RO         3569    !!!scatter          c_w.l(__scatter.o)
    0x08000128   0x08000128   0x0000001a   Code   RO         3571    !!handler_copy      c_w.l(__scatter_copy.o)
    0x08000142   0x08000142   0x00000002   PAD
    0x08000144   0x08000144   0x0000001c   Code   RO         3573    !!handler_zi        c_w.l(__scatter_zi.o)
    0x08000160   0x08000160   0x00000000   Code   RO         3384    .ARM.Collect$$_printf_percent$$00000000  c_w.l(_printf_percent.o)
    0x08000160   0x08000160   0x00000006   Code   RO         3383    .ARM.Collect$$_printf_percent$$00000009  c_w.l(_printf_d.o)
    0x08000166   0x08000166   0x00000006   Code   RO         3382    .ARM.Collect$$_printf_percent$$00000014  c_w.l(_printf_s.o)
    0x0800016c   0x0800016c   0x00000004   Code   RO         3408    .ARM.Collect$$_printf_percent$$00000017  c_w.l(_printf_percent_end.o)
    0x08000170   0x08000170   0x00000002   Code   RO         3437    .ARM.Collect$$libinit$$00000000  c_w.l(libinit.o)
    0x08000172   0x08000172   0x00000000   Code   RO         3444    .ARM.Collect$$libinit$$00000002  c_w.l(libinit2.o)
    0x08000172   0x08000172   0x00000000   Code   RO         3446    .ARM.Collect$$libinit$$00000004  c_w.l(libinit2.o)
    0x08000172   0x08000172   0x00000000   Code   RO         3449    .ARM.Collect$$libinit$$0000000A  c_w.l(libinit2.o)
    0x08000172   0x08000172   0x00000000   Code   RO         3451    .ARM.Collect$$libinit$$0000000C  c_w.l(libinit2.o)
    0x08000172   0x08000172   0x00000000   Code   RO         3453    .ARM.Collect$$libinit$$0000000E  c_w.l(libinit2.o)
    0x08000172   0x08000172   0x00000000   Code   RO         3456    .ARM.Collect$$libinit$$00000011  c_w.l(libinit2.o)
    0x08000172   0x08000172   0x00000000   Code   RO         3458    .ARM.Collect$$libinit$$00000013  c_w.l(libinit2.o)
    0x08000172   0x08000172   0x00000000   Code   RO         3460    .ARM.Collect$$libinit$$00000015  c_w.l(libinit2.o)
    0x08000172   0x08000172   0x00000000   Code   RO         3462    .ARM.Collect$$libinit$$00000017  c_w.l(libinit2.o)
    0x08000172   0x08000172   0x00000000   Code   RO         3464    .ARM.Collect$$libinit$$00000019  c_w.l(libinit2.o)
    0x08000172   0x08000172   0x00000000   Code   RO         3466    .ARM.Collect$$libinit$$0000001B  c_w.l(libinit2.o)
    0x08000172   0x08000172   0x00000000   Code   RO         3468    .ARM.Collect$$libinit$$0000001D  c_w.l(libinit2.o)
    0x08000172   0x08000172   0x00000000   Code   RO         3470    .ARM.Collect$$libinit$$0000001F  c_w.l(libinit2.o)
    0x08000172   0x08000172   0x00000000   Code   RO         3472    .ARM.Collect$$libinit$$00000021  c_w.l(libinit2.o)
    0x08000172   0x08000172   0x00000000   Code   RO         3474    .ARM.Collect$$libinit$$00000023  c_w.l(libinit2.o)
    0x08000172   0x08000172   0x00000000   Code   RO         3476    .ARM.Collect$$libinit$$00000025  c_w.l(libinit2.o)
    0x08000172   0x08000172   0x00000000   Code   RO         3480    .ARM.Collect$$libinit$$0000002C  c_w.l(libinit2.o)
    0x08000172   0x08000172   0x00000000   Code   RO         3482    .ARM.Collect$$libinit$$0000002E  c_w.l(libinit2.o)
    0x08000172   0x08000172   0x00000000   Code   RO         3484    .ARM.Collect$$libinit$$00000030  c_w.l(libinit2.o)
    0x08000172   0x08000172   0x00000000   Code   RO         3486    .ARM.Collect$$libinit$$00000032  c_w.l(libinit2.o)
    0x08000172   0x08000172   0x00000002   Code   RO         3487    .ARM.Collect$$libinit$$00000033  c_w.l(libinit2.o)
    0x08000174   0x08000174   0x00000002   Code   RO         3507    .ARM.Collect$$libshutdown$$00000000  c_w.l(libshutdown.o)
    0x08000176   0x08000176   0x00000000   Code   RO         3520    .ARM.Collect$$libshutdown$$00000002  c_w.l(libshutdown2.o)
    0x08000176   0x08000176   0x00000000   Code   RO         3522    .ARM.Collect$$libshutdown$$00000004  c_w.l(libshutdown2.o)
    0x08000176   0x08000176   0x00000000   Code   RO         3524    .ARM.Collect$$libshutdown$$00000006  c_w.l(libshutdown2.o)
    0x08000176   0x08000176   0x00000000   Code   RO         3527    .ARM.Collect$$libshutdown$$00000009  c_w.l(libshutdown2.o)
    0x08000176   0x08000176   0x00000000   Code   RO         3530    .ARM.Collect$$libshutdown$$0000000C  c_w.l(libshutdown2.o)
    0x08000176   0x08000176   0x00000000   Code   RO         3532    .ARM.Collect$$libshutdown$$0000000E  c_w.l(libshutdown2.o)
    0x08000176   0x08000176   0x00000000   Code   RO         3535    .ARM.Collect$$libshutdown$$00000011  c_w.l(libshutdown2.o)
    0x08000176   0x08000176   0x00000002   Code   RO         3536    .ARM.Collect$$libshutdown$$00000012  c_w.l(libshutdown2.o)
    0x08000178   0x08000178   0x00000000   Code   RO         3397    .ARM.Collect$$rtentry$$00000000  c_w.l(__rtentry.o)
    0x08000178   0x08000178   0x00000000   Code   RO         3412    .ARM.Collect$$rtentry$$00000002  c_w.l(__rtentry2.o)
    0x08000178   0x08000178   0x00000006   Code   RO         3424    .ARM.Collect$$rtentry$$00000004  c_w.l(__rtentry4.o)
    0x0800017e   0x0800017e   0x00000000   Code   RO         3414    .ARM.Collect$$rtentry$$00000009  c_w.l(__rtentry2.o)
    0x0800017e   0x0800017e   0x00000004   Code   RO         3415    .ARM.Collect$$rtentry$$0000000A  c_w.l(__rtentry2.o)
    0x08000182   0x08000182   0x00000000   Code   RO         3417    .ARM.Collect$$rtentry$$0000000C  c_w.l(__rtentry2.o)
    0x08000182   0x08000182   0x00000008   Code   RO         3418    .ARM.Collect$$rtentry$$0000000D  c_w.l(__rtentry2.o)
    0x0800018a   0x0800018a   0x00000002   Code   RO         3441    .ARM.Collect$$rtexit$$00000000  c_w.l(rtexit.o)
    0x0800018c   0x0800018c   0x00000000   Code   RO         3489    .ARM.Collect$$rtexit$$00000002  c_w.l(rtexit2.o)
    0x0800018c   0x0800018c   0x00000004   Code   RO         3490    .ARM.Collect$$rtexit$$00000003  c_w.l(rtexit2.o)
    0x08000190   0x08000190   0x00000006   Code   RO         3491    .ARM.Collect$$rtexit$$00000004  c_w.l(rtexit2.o)
    0x08000196   0x08000196   0x00000002   PAD
    0x08000198   0x08000198   0x00000040   Code   RO            4    .text               startup_stm32f103xb.o
    0x080001d8   0x080001d8   0x00000026   Code   RO         3346    .text               c_w.l(llushr.o)
    0x080001fe   0x080001fe   0x00000002   PAD
    0x08000200   0x08000200   0x00000028   Code   RO         3352    .text               c_w.l(noretval__2sprintf.o)
    0x08000228   0x08000228   0x00000034   Code   RO         3354    .text               c_w.l(noretval__2snprintf.o)
    0x0800025c   0x0800025c   0x00000068   Code   RO         3356    .text               c_w.l(__printf.o)
    0x080002c4   0x080002c4   0x00000052   Code   RO         3358    .text               c_w.l(_printf_str.o)
    0x08000316   0x08000316   0x00000002   PAD
    0x08000318   0x08000318   0x00000078   Code   RO         3360    .text               c_w.l(_printf_dec.o)
    0x08000390   0x08000390   0x00000048   Code   RO         3385    .text               c_w.l(strcpy.o)
    0x080003d8   0x080003d8   0x0000003e   Code   RO         3387    .text               c_w.l(strlen.o)
    0x08000416   0x08000416   0x0000004e   Code   RO         3391    .text               c_w.l(rt_memclr_w.o)
    0x08000464   0x08000464   0x00000006   Code   RO         3393    .text               c_w.l(heapauxi.o)
    0x0800046a   0x0800046a   0x000000b2   Code   RO         3398    .text               c_w.l(_printf_intcommon.o)
    0x0800051c   0x0800051c   0x00000030   Code   RO         3400    .text               c_w.l(_printf_char_common.o)
    0x0800054c   0x0800054c   0x0000000a   Code   RO         3402    .text               c_w.l(_sputc.o)
    0x08000556   0x08000556   0x00000010   Code   RO         3404    .text               c_w.l(_snputc.o)
    0x08000566   0x08000566   0x0000002c   Code   RO         3406    .text               c_w.l(_printf_char.o)
    0x08000592   0x08000592   0x0000004a   Code   RO         3428    .text               c_w.l(sys_stackheap_outer.o)
    0x080005dc   0x080005dc   0x00000012   Code   RO         3430    .text               c_w.l(exit.o)
    0x080005ee   0x080005ee   0x00000002   PAD
    0x080005f0   0x080005f0   0x00000008   Code   RO         3438    .text               c_w.l(libspace.o)
    0x080005f8   0x080005f8   0x0000000c   Code   RO         3499    .text               c_w.l(sys_exit.o)
    0x08000604   0x08000604   0x00000002   Code   RO         3510    .text               c_w.l(use_no_semi.o)
    0x08000606   0x08000606   0x00000000   Code   RO         3512    .text               c_w.l(indicate_semi.o)
    0x08000606   0x08000606   0x00000004   Code   RO          423    i.BusFault_Handler  stm32f1xx_it.o
    0x0800060a   0x0800060a   0x00000002   PAD
    0x0800060c   0x0800060c   0x00000024   Code   RO          565    i.DWT_Init          nrf24l01.o
    0x08000630   0x08000630   0x00000002   Code   RO          424    i.DebugMon_Handler  stm32f1xx_it.o
    0x08000632   0x08000632   0x00000006   Code   RO          319    i.Error_Handler     main.o
    0x08000638   0x08000638   0x00000056   Code   RO         1963    i.HAL_DMA_Abort     stm32f1xx_hal_dma.o
    0x0800068e   0x0800068e   0x00000002   PAD
    0x08000690   0x08000690   0x000000b0   Code   RO         1964    i.HAL_DMA_Abort_IT  stm32f1xx_hal_dma.o
    0x08000740   0x08000740   0x00000028   Code   RO         1586    i.HAL_Delay         stm32f1xx_hal.o
    0x08000768   0x08000768   0x00000320   Code   RO         1899    i.HAL_GPIO_Init     stm32f1xx_hal_gpio.o
    0x08000a88   0x08000a88   0x00000010   Code   RO         1901    i.HAL_GPIO_ReadPin  stm32f1xx_hal_gpio.o
    0x08000a98   0x08000a98   0x0000000c   Code   RO         1903    i.HAL_GPIO_WritePin  stm32f1xx_hal_gpio.o
    0x08000aa4   0x08000aa4   0x0000000c   Code   RO         1590    i.HAL_GetTick       stm32f1xx_hal.o
    0x08000ab0   0x08000ab0   0x000001d0   Code   RO         1118    i.HAL_I2C_Init      stm32f1xx_hal_i2c.o
    0x08000c80   0x08000c80   0x00000164   Code   RO         1139    i.HAL_I2C_Mem_Write  stm32f1xx_hal_i2c.o
    0x08000de4   0x08000de4   0x00000074   Code   RO          506    i.HAL_I2C_MspInit   stm32f1xx_hal_msp.o
    0x08000e58   0x08000e58   0x00000018   Code   RO         1596    i.HAL_IncTick       stm32f1xx_hal.o
    0x08000e70   0x08000e70   0x00000028   Code   RO         1597    i.HAL_Init          stm32f1xx_hal.o
    0x08000e98   0x08000e98   0x0000004c   Code   RO         1598    i.HAL_InitTick      stm32f1xx_hal.o
    0x08000ee4   0x08000ee4   0x00000054   Code   RO          507    i.HAL_MspInit       stm32f1xx_hal_msp.o
    0x08000f38   0x08000f38   0x00000020   Code   RO         2059    i.HAL_NVIC_EnableIRQ  stm32f1xx_hal_cortex.o
    0x08000f58   0x08000f58   0x0000007c   Code   RO         2065    i.HAL_NVIC_SetPriority  stm32f1xx_hal_cortex.o
    0x08000fd4   0x08000fd4   0x00000028   Code   RO         2066    i.HAL_NVIC_SetPriorityGrouping  stm32f1xx_hal_cortex.o
    0x08000ffc   0x08000ffc   0x0000018c   Code   RO         1754    i.HAL_RCC_ClockConfig  stm32f1xx_hal_rcc.o
    0x08001188   0x08001188   0x0000000c   Code   RO         1759    i.HAL_RCC_GetHCLKFreq  stm32f1xx_hal_rcc.o
    0x08001194   0x08001194   0x00000020   Code   RO         1761    i.HAL_RCC_GetPCLK1Freq  stm32f1xx_hal_rcc.o
    0x080011b4   0x080011b4   0x00000020   Code   RO         1762    i.HAL_RCC_GetPCLK2Freq  stm32f1xx_hal_rcc.o
    0x080011d4   0x080011d4   0x00000094   Code   RO         1763    i.HAL_RCC_GetSysClockFreq  stm32f1xx_hal_rcc.o
    0x08001268   0x08001268   0x00000464   Code   RO         1766    i.HAL_RCC_OscConfig  stm32f1xx_hal_rcc.o
    0x080016cc   0x080016cc   0x000000be   Code   RO         2596    i.HAL_SPI_Init      stm32f1xx_hal_spi.o
    0x0800178a   0x0800178a   0x00000002   PAD
    0x0800178c   0x0800178c   0x00000084   Code   RO          509    i.HAL_SPI_MspInit   stm32f1xx_hal_msp.o
    0x08001810   0x08001810   0x000001ae   Code   RO         2604    i.HAL_SPI_Transmit  stm32f1xx_hal_spi.o
    0x080019be   0x080019be   0x0000022a   Code   RO         2605    i.HAL_SPI_TransmitReceive  stm32f1xx_hal_spi.o
    0x08001be8   0x08001be8   0x00000034   Code   RO         2070    i.HAL_SYSTICK_Config  stm32f1xx_hal_cortex.o
    0x08001c1c   0x08001c1c   0x00000002   Code   RO         2954    i.HAL_UARTEx_RxEventCallback  stm32f1xx_hal_uart.o
    0x08001c1e   0x08001c1e   0x00000002   Code   RO         2968    i.HAL_UART_ErrorCallback  stm32f1xx_hal_uart.o
    0x08001c20   0x08001c20   0x0000024c   Code   RO         2971    i.HAL_UART_IRQHandler  stm32f1xx_hal_uart.o
    0x08001e6c   0x08001e6c   0x00000072   Code   RO         2972    i.HAL_UART_Init     stm32f1xx_hal_uart.o
    0x08001ede   0x08001ede   0x00000002   PAD
    0x08001ee0   0x08001ee0   0x00000098   Code   RO          511    i.HAL_UART_MspInit  stm32f1xx_hal_msp.o
    0x08001f78   0x08001f78   0x00000002   Code   RO         2978    i.HAL_UART_RxCpltCallback  stm32f1xx_hal_uart.o
    0x08001f7a   0x08001f7a   0x000000d2   Code   RO         2980    i.HAL_UART_Transmit  stm32f1xx_hal_uart.o
    0x0800204c   0x0800204c   0x00000002   Code   RO         2983    i.HAL_UART_TxCpltCallback  stm32f1xx_hal_uart.o
    0x0800204e   0x0800204e   0x00000002   PAD
    0x08002050   0x08002050   0x00000028   Code   RO          425    i.HardFault_Handler  stm32f1xx_it.o
    0x08002078   0x08002078   0x0000003e   Code   RO         1161    i.I2C_IsAcknowledgeFailed  stm32f1xx_hal_i2c.o
    0x080020b6   0x080020b6   0x00000002   PAD
    0x080020b8   0x080020b8   0x000000e0   Code   RO         1173    i.I2C_RequestMemoryWrite  stm32f1xx_hal_i2c.o
    0x08002198   0x08002198   0x0000005c   Code   RO         1181    i.I2C_WaitOnBTFFlagUntilTimeout  stm32f1xx_hal_i2c.o
    0x080021f4   0x080021f4   0x00000086   Code   RO         1182    i.I2C_WaitOnFlagUntilTimeout  stm32f1xx_hal_i2c.o
    0x0800227a   0x0800227a   0x000000c4   Code   RO         1183    i.I2C_WaitOnMasterAddressFlagUntilTimeout  stm32f1xx_hal_i2c.o
    0x0800233e   0x0800233e   0x0000005c   Code   RO         1187    i.I2C_WaitOnTXEFlagUntilTimeout  stm32f1xx_hal_i2c.o
    0x0800239a   0x0800239a   0x00000002   PAD
    0x0800239c   0x0800239c   0x00000118   Code   RO          320    i.MX_GPIO_Init      main.o
    0x080024b4   0x080024b4   0x0000003c   Code   RO          321    i.MX_I2C1_Init      main.o
    0x080024f0   0x080024f0   0x00000044   Code   RO          322    i.MX_SPI1_Init      main.o
    0x08002534   0x08002534   0x00000038   Code   RO          323    i.MX_USART1_UART_Init  main.o
    0x0800256c   0x0800256c   0x00000004   Code   RO          426    i.MemManage_Handler  stm32f1xx_it.o
    0x08002570   0x08002570   0x00000004   Code   RO          427    i.NMI_Handler       stm32f1xx_it.o
    0x08002574   0x08002574   0x000000cc   Code   RO          566    i.NRF_Init          nrf24l01.o
    0x08002640   0x08002640   0x00000002   Code   RO          428    i.PendSV_Handler    stm32f1xx_it.o
    0x08002642   0x08002642   0x00000002   PAD
    0x08002644   0x08002644   0x00000028   Code   RO         1767    i.RCC_Delay         stm32f1xx_hal_rcc.o
    0x0800266c   0x0800266c   0x00000028   Code   RO         2634    i.SPI_EndRxTxTransaction  stm32f1xx_hal_spi.o
    0x08002694   0x08002694   0x000000d8   Code   RO         2639    i.SPI_WaitFlagStateUntilTimeout  stm32f1xx_hal_spi.o
    0x0800276c   0x0800276c   0x00000002   Code   RO          429    i.SVC_Handler       stm32f1xx_it.o
    0x0800276e   0x0800276e   0x00000008   Code   RO          430    i.SysTick_Handler   stm32f1xx_it.o
    0x08002776   0x08002776   0x00000066   Code   RO          324    i.SystemClock_Config  main.o
    0x080027dc   0x080027dc   0x00000002   Code   RO         3311    i.SystemInit        system_stm32f1xx.o
    0x080027de   0x080027de   0x00000014   Code   RO         2985    i.UART_DMAAbortOnError  stm32f1xx_hal_uart.o
    0x080027f2   0x080027f2   0x00000036   Code   RO         2995    i.UART_EndRxTransfer  stm32f1xx_hal_uart.o
    0x08002828   0x08002828   0x00000020   Code   RO         2996    i.UART_EndTransmit_IT  stm32f1xx_hal_uart.o
    0x08002848   0x08002848   0x000000e4   Code   RO         2998    i.UART_Receive_IT   stm32f1xx_hal_uart.o
    0x0800292c   0x0800292c   0x000000fc   Code   RO         2999    i.UART_SetConfig    stm32f1xx_hal_uart.o
    0x08002a28   0x08002a28   0x00000060   Code   RO         3002    i.UART_Transmit_IT  stm32f1xx_hal_uart.o
    0x08002a88   0x08002a88   0x0000006c   Code   RO         3003    i.UART_WaitOnFlagUntilTimeout  stm32f1xx_hal_uart.o
    0x08002af4   0x08002af4   0x00000010   Code   RO          431    i.USART1_IRQHandler  stm32f1xx_it.o
    0x08002b04   0x08002b04   0x00000004   Code   RO          432    i.UsageFault_Handler  stm32f1xx_it.o
    0x08002b08   0x08002b08   0x00000010   Code   RO         2072    i.__NVIC_GetPriorityGrouping  stm32f1xx_hal_cortex.o
    0x08002b18   0x08002b18   0x00000028   Code   RO         2073    i.__NVIC_SetPriority  stm32f1xx_hal_cortex.o
    0x08002b40   0x08002b40   0x00000014   Code   RO          569    i.ce                nrf24l01.o
    0x08002b54   0x08002b54   0x00000084   Code   RO          198    i.centralBoxText    display.o
    0x08002bd8   0x08002bd8   0x000000cc   Code   RO          199    i.checkPhoto        display.o
    0x08002ca4   0x08002ca4   0x000001cc   Code   RO          948    i.checkingNum       function.o
    0x08002e70   0x08002e70   0x00000022   Code   RO          200    i.clearCentralBox   display.o
    0x08002e92   0x08002e92   0x00000002   PAD
    0x08002e94   0x08002e94   0x0000001c   Code   RO          571    i.csn               nrf24l01.o
    0x08002eb0   0x08002eb0   0x0000002c   Code   RO          572    i.delay_us          nrf24l01.o
    0x08002edc   0x08002edc   0x0000003a   Code   RO          201    i.draw              display.o
    0x08002f16   0x08002f16   0x00000002   PAD
    0x08002f18   0x08002f18   0x000000f8   Code   RO          949    i.endlessMode       function.o
    0x08003010   0x08003010   0x0000000a   Code   RO          578    i.flush_rx          nrf24l01.o
    0x0800301a   0x0800301a   0x0000000a   Code   RO          579    i.flush_tx          nrf24l01.o
    0x08003024   0x08003024   0x00000080   Code   RO          202    i.focusButtonIcon   display.o
    0x080030a4   0x080030a4   0x00000020   Code   RO          909    i.focusButtonReSet  focusbutton.o
    0x080030c4   0x080030c4   0x0000001c   Code   RO          910    i.focusButtonSet    focusbutton.o
    0x080030e0   0x080030e0   0x0000000c   Code   RO         1008    i.forBack           leftbuttonpress.o
    0x080030ec   0x080030ec   0x00000052   Code   RO          950    i.hexToAsciiForSend  function.o
    0x0800313e   0x0800313e   0x0000001a   Code   RO          588    i.isChipConnected   nrf24l01.o
    0x08003158   0x08003158   0x00000002   Code   RO          951    i.itoa              function.o
    0x0800315a   0x0800315a   0x00000002   PAD
    0x0800315c   0x0800315c   0x0000003c   Code   RO          203    i.leftButtonName    display.o
    0x08003198   0x08003198   0x000002b8   Code   RO         1009    i.leftButtonPress   leftbuttonpress.o
    0x08003450   0x08003450   0x000002fc   Code   RO          325    i.main              main.o
    0x0800374c   0x0800374c   0x0000006e   Code   RO          204    i.nrfState          display.o
    0x080037ba   0x080037ba   0x00000002   PAD
    0x080037bc   0x080037bc   0x000000a8   Code   RO          205    i.photoCounter      display.o
    0x08003864   0x08003864   0x00000022   Code   RO          594    i.powerUp           nrf24l01.o
    0x08003886   0x08003886   0x00000002   PAD
    0x08003888   0x08003888   0x00000048   Code   RO          597    i.read_register     nrf24l01.o
    0x080038d0   0x080038d0   0x0000003c   Code   RO          206    i.rightButtonName   display.o
    0x0800390c   0x0800390c   0x0000014c   Code   RO         1044    i.rightButtonPress  rightbuttonpress.o
    0x08003a58   0x08003a58   0x000000d2   Code   RO          207    i.scrollBar         display.o
    0x08003b2a   0x08003b2a   0x0000000e   Code   RO          602    i.setChannel        nrf24l01.o
    0x08003b38   0x08003b38   0x00000058   Code   RO          603    i.setDataRate       nrf24l01.o
    0x08003b90   0x08003b90   0x00000028   Code   RO          952    i.setFunction       function.o
    0x08003bb8   0x08003bb8   0x0000002e   Code   RO          604    i.setPALevel        nrf24l01.o
    0x08003be6   0x08003be6   0x0000001a   Code   RO          606    i.setRetries        nrf24l01.o
    0x08003c00   0x08003c00   0x00000080   Code   RO          208    i.shootButtonIcon   display.o
    0x08003c80   0x08003c80   0x00000038   Code   RO          911    i.shootButtonSet    focusbutton.o
    0x08003cb8   0x08003cb8   0x00000030   Code   RO          607    i.spiTrans          nrf24l01.o
    0x08003ce8   0x08003ce8   0x00000018   Code   RO           30    i.ssd1306_Clear     ssd1306.o
    0x08003d00   0x08003d00   0x000000a0   Code   RO           31    i.ssd1306_DrawPixel  ssd1306.o
    0x08003da0   0x08003da0   0x00000020   Code   RO           32    i.ssd1306_Fill      ssd1306.o
    0x08003dc0   0x08003dc0   0x00000154   Code   RO           33    i.ssd1306_Init      ssd1306.o
    0x08003f14   0x08003f14   0x00000018   Code   RO           34    i.ssd1306_InvertColors  ssd1306.o
    0x08003f2c   0x08003f2c   0x0000000c   Code   RO           35    i.ssd1306_SetCursor  ssd1306.o
    0x08003f38   0x08003f38   0x00000050   Code   RO           36    i.ssd1306_UpdateScreen  ssd1306.o
    0x08003f88   0x08003f88   0x000000b0   Code   RO           37    i.ssd1306_WriteChar  ssd1306.o
    0x08004038   0x08004038   0x00000022   Code   RO           38    i.ssd1306_WriteCommand  ssd1306.o
    0x0800405a   0x0800405a   0x00000002   PAD
    0x0800405c   0x0800405c   0x00000080   Code   RO          209    i.ssd1306_WriteIntOnCentralBox  display.o
    0x080040dc   0x080040dc   0x0000002c   Code   RO           39    i.ssd1306_WriteString  ssd1306.o
    0x08004108   0x08004108   0x00000450   Code   RO          210    i.startPage         display.o
    0x08004558   0x08004558   0x0000008c   Code   RO          211    i.startTable        display.o
    0x080045e4   0x080045e4   0x00000034   Code   RO          611    i.toggle_features   nrf24l01.o
    0x08004618   0x08004618   0x0000001c   Code   RO          326    i.uartOffSend       main.o
    0x08004634   0x08004634   0x00000016   Code   RO          953    i.uartSend          function.o
    0x0800464a   0x0800464a   0x00000002   PAD
    0x0800464c   0x0800464c   0x00000020   Code   RO          954    i.uartSendInt       function.o
    0x0800466c   0x0800466c   0x00000010   Code   RO          327    i.updateScreen      main.o
    0x0800467c   0x0800467c   0x00000980   Code   RO          328    i.workedFunction    main.o
    0x08004ffc   0x08004ffc   0x0000004c   Code   RO          616    i.write_register    nrf24l01.o
    0x08005048   0x08005048   0x00002d46   Data   RO           10    .constdata          fonts.o
    0x08007d8e   0x08007d8e   0x00000018   Data   RO         3312    .constdata          system_stm32f1xx.o
    0x08007da6   0x08007da6   0x00000002   PAD
    0x08007da8   0x08007da8   0x00000020   Data   RO         3567    Region$$Table       anon$$obj.o


    Execution Region RW_IRAM1 (Exec base: 0x20000000, Load base: 0x08007dc8, Size: 0x00000bc0, Max: 0x00005000, ABSOLUTE)

    Exec Addr    Load Addr    Size         Type   Attr      Idx    E Section Name        Object

    0x20000000   0x08007dc8   0x00000020   Data   RW           11    .data               fonts.o
    0x20000020   0x08007de8   0x00000006   Data   RW           41    .data               ssd1306.o
    0x20000026   0x08007dee   0x00000002   PAD
    0x20000028   0x08007df0   0x00000024   Data   RW          331    .data               main.o
    0x2000004c   0x08007e14   0x0000000a   Data   RW          619    .data               nrf24l01.o
    0x20000056   0x08007e1e   0x00000002   Data   RW          912    .data               focusbutton.o
    0x20000058   0x08007e20   0x00000004   Data   RW         1010    .data               leftbuttonpress.o
    0x2000005c   0x08007e24   0x00000009   Data   RW         1604    .data               stm32f1xx_hal.o
    0x20000065   0x08007e2d   0x00000003   PAD
    0x20000068   0x08007e30   0x00000004   Data   RW         3313    .data               system_stm32f1xx.o
    0x2000006c        -       0x00000400   Zero   RW           40    .bss                ssd1306.o
    0x2000046c        -       0x000000f0   Zero   RW          329    .bss                main.o
    0x2000055c        -       0x00000060   Zero   RW         3439    .bss                c_w.l(libspace.o)
    0x200005bc   0x08007e34   0x00000004   PAD
    0x200005c0        -       0x00000200   Zero   RW            2    HEAP                startup_stm32f103xb.o
    0x200007c0        -       0x00000400   Zero   RW            1    STACK               startup_stm32f103xb.o


==============================================================================

Image component sizes


      Code (inc. data)   RO Data    RW Data    ZI Data      Debug   Object Name

      2664         72          0          0          0      12032   display.o
       116         28          0          2          0       1693   focusbutton.o
         0          0      11590         32          0       5643   fonts.o
       886         36          0          0          0       4930   function.o
       708        132          0          4          0       1670   leftbuttonpress.o
      3812        776          0         36        240      10298   main.o
       834         80          0         10          0       9532   nrf24l01.o
       332         30          0          0          0        807   rightbuttonpress.o
       926         42          0          6       1024     410649   ssd1306.o
        64         26        236          0       1536        812   startup_stm32f103xb.o
       192         36          0          9          0       5893   stm32f1xx_hal.o
       304         22          0          0          0      29415   stm32f1xx_hal_cortex.o
       262          4          0          0          0       1755   stm32f1xx_hal_dma.o
       828         34          0          0          0       3319   stm32f1xx_hal_gpio.o
      1620         30          0          0          0       8011   stm32f1xx_hal_i2c.o
       484         46          0          0          0       2985   stm32f1xx_hal_msp.o
      1784        110          0          0          0       6016   stm32f1xx_hal_rcc.o
      1430          6          0          0          0       5712   stm32f1xx_hal_spi.o
      1710         10          0          0          0      10352   stm32f1xx_hal_uart.o
        86         22          0          0          0       4430   stm32f1xx_it.o
         2          0         24          4          0       1119   system_stm32f1xx.o

    ----------------------------------------------------------------------
     19074       1542      11884        108       2800     537073   Object Totals
         0          0         32          0          0          0   (incl. Generated)
        30          0          2          5          0          0   (incl. Padding)

    ----------------------------------------------------------------------

      Code (inc. data)   RO Data    RW Data    ZI Data      Debug   Library Member Name

         8          0          0          0          0         68   __main.o
       104          0          0          0          0         84   __printf.o
         0          0          0          0          0          0   __rtentry.o
        12          0          0          0          0          0   __rtentry2.o
         6          0          0          0          0          0   __rtentry4.o
        52          8          0          0          0          0   __scatter.o
        26          0          0          0          0          0   __scatter_copy.o
        28          0          0          0          0          0   __scatter_zi.o
        44          0          0          0          0        108   _printf_char.o
        48          6          0          0          0         96   _printf_char_common.o
         6          0          0          0          0          0   _printf_d.o
       120         16          0          0          0         92   _printf_dec.o
       178          0          0          0          0         88   _printf_intcommon.o
         0          0          0          0          0          0   _printf_percent.o
         4          0          0          0          0          0   _printf_percent_end.o
         6          0          0          0          0          0   _printf_s.o
        82          0          0          0          0         80   _printf_str.o
        16          0          0          0          0         68   _snputc.o
        10          0          0          0          0         68   _sputc.o
        18          0          0          0          0         80   exit.o
         6          0          0          0          0        152   heapauxi.o
         0          0          0          0          0          0   indicate_semi.o
         2          0          0          0          0          0   libinit.o
         2          0          0          0          0          0   libinit2.o
         2          0          0          0          0          0   libshutdown.o
         2          0          0          0          0          0   libshutdown2.o
         8          4          0          0         96         68   libspace.o
        38          0          0          0          0         68   llushr.o
        52          4          0          0          0         84   noretval__2snprintf.o
        40          6          0          0          0         84   noretval__2sprintf.o
        78          0          0          0          0         80   rt_memclr_w.o
         2          0          0          0          0          0   rtexit.o
        10          0          0          0          0          0   rtexit2.o
        72          0          0          0          0         80   strcpy.o
        62          0          0          0          0         76   strlen.o
        12          4          0          0          0         68   sys_exit.o
        74          0          0          0          0         80   sys_stackheap_outer.o
         2          0          0          0          0         68   use_no_semi.o

    ----------------------------------------------------------------------
      1242         48          0          0        100       1740   Library Totals
        10          0          0          0          4          0   (incl. Padding)

    ----------------------------------------------------------------------

      Code (inc. data)   RO Data    RW Data    ZI Data      Debug   Library Name

      1232         48          0          0         96       1740   c_w.l

    ----------------------------------------------------------------------
      1242         48          0          0        100       1740   Library Totals

    ----------------------------------------------------------------------

==============================================================================


      Code (inc. data)   RO Data    RW Data    ZI Data      Debug   

     20316       1590      11884        108       2900     531529   Grand Totals
     20316       1590      11884        108       2900     531529   ELF Image Totals
     20316       1590      11884        108          0          0   ROM Totals

==============================================================================

    Total RO  Size (Code + RO Data)                32200 (  31.45kB)
    Total RW  Size (RW Data + ZI Data)              3008 (   2.94kB)
    Total ROM Size (Code + RO Data + RW Data)      32308 (  31.55kB)

==============================================================================

