<html>
<body>
<pre>
<h1>µVision Build Log</h1>
<h2>Tool Versions:</h2>
IDE-Version: µVision V5.36.0.0
Copyright (C) 2021 ARM Ltd and ARM Germany GmbH. All rights reserved.
License Information: givi anderson, matrix, LIC=----
 
Tool Versions:
Toolchain:       MDK-Lite  Version: 5.36.0.0
Toolchain Path:  C:\Keil_v5\ARM\ARMCC\Bin
C Compiler:      Armcc.exe V5.06 update 7 (build 960)
Assembler:       Armasm.exe V5.06 update 7 (build 960)
Linker/Locator:  ArmLink.exe V5.06 update 7 (build 960)
Library Manager: ArmAr.exe V5.06 update 7 (build 960)
Hex Converter:   FromElf.exe V5.06 update 7 (build 960)
CPU DLL:         SARMCM3.DLL V5.36.0.0
Dialog DLL:      DCM.DLL V1.17.3.0
Target DLL:      Segger\JL2CM3.dll V2.99.40.0
Dialog DLL:      TCM.DLL V1.53.0.0
 
<h2>Project:</h2>
C:\Users\pyshn\Documents\my home project\nrf project\MDK-ARM\nrf project.uvprojx
Project File Date:  02/23/2022

<h2>Output:</h2>
*** Using Compiler 'V5.06 update 7 (build 960)', folder: 'C:\Keil_v5\ARM\ARMCC\Bin'
Build target 'nrf project'
compiling main.c...
../Core/Inc/display.h(21): warning:  #1-D: last line of file ends without a newline
  #endif /* DISPLAY_H_ */
../Core/Inc/RF24.h(157): warning:  #1295-D: Deprecated declaration isChipConnected - give arg types
  bool isChipConnected();
../Core/Inc/RF24.h(169): warning:  #1295-D: Deprecated declaration whatHappened - give arg types
  uint8_t whatHappened();
../Core/Inc/RF24.h(183): warning:  #1295-D: Deprecated declaration enableDynamicAck - give arg types
  void enableDynamicAck();
../Core/Inc/RF24.h(214): warning:  #1-D: last line of file ends without a newline
  #endif /* NRF24L01_H_ */
../Core/Inc/focusButton.h(18): warning:  #1-D: last line of file ends without a newline
  #endif /* FOCUSBUTTON_H_ */
../Core/Inc/function.h(33): warning:  #1-D: last line of file ends without a newline
  #endif /* FUNCTION */
../Core/Inc/leftButtonPress.h(12): warning:  #1-D: last line of file ends without a newline
  #endif /* LEFTBUTTONPRESS */
../Core/Inc/rightButtonPress.h(11): warning:  #1-D: last line of file ends without a newline
  #endif /* RIGHTBUTTONPRESS */
../Core/Src/main.c(561): warning:  #188-D: enumerated type mixed with another type
  		if (!press || !pressL) HAL_GPIO_WritePin(GPIOC, GPIO_PIN_13, SET);
../Core/Src/main.c(562): warning:  #188-D: enumerated type mixed with another type
  		else HAL_GPIO_WritePin(GPIOC, GPIO_PIN_13, RESET);
../Core/Src/main.c: 11 warnings, 0 errors
linking...
Program Size: Code=20316 RO-data=11884 RW-data=108 ZI-data=2900  
FromELF: creating hex file...
"nrf project\nrf project.axf" - 0 Error(s), 11 Warning(s).

<h2>Software Packages used:</h2>

Package Vendor: ARM
                http://www.keil.com/pack/ARM.CMSIS.5.8.0.pack
                ARM.CMSIS.5.8.0
                CMSIS (Common Microcontroller Software Interface Standard)
   * Component: CORE Version: 5.5.0

Package Vendor: Keil
                http://www.keil.com/pack/Keil.STM32F1xx_DFP.2.4.0.pack
                Keil.STM32F1xx_DFP.2.4.0
                STMicroelectronics STM32F1 Series Device Support, Drivers and Examples

<h2>Collection of Component include folders:</h2>
  .\RTE\_nrf_project
  C:\Users\pyshn\AppData\Local\Arm\Packs\ARM\CMSIS\5.8.0\CMSIS\Core\Include
  C:\Users\pyshn\AppData\Local\Arm\Packs\Keil\STM32F1xx_DFP\2.4.0\Device\Include

<h2>Collection of Component Files used:</h2>

   * Component: ARM::CMSIS:CORE:5.5.0
      Include file:  CMSIS\Core\Include\tz_context.h
Build Time Elapsed:  00:00:02
</pre>
</body>
</html>
